08-25 18:16:56.463  6779  6795 I TestRunner: started: vertical_scrolling(com.example.dogglers.GridListTests)
08-25 18:16:56.474  6779  6795 W Settings: Setting always_finish_activities has moved from android.provider.Settings.System to android.provider.Settings.Global, returning read-only value.
08-25 18:16:56.524  6779  6779 D LifecycleMonitor: Lifecycle status change: androidx.test.core.app.InstrumentationActivityInvoker$BootstrapActivity@f861fa4 in: PRE_ON_CREATE
08-25 18:16:56.525  6779  6779 V ActivityScenario: Activity lifecycle changed event received but ignored because the intent does not match. startActivityIntent=Intent { act=android.intent.action.MAIN cat=[android.intent.category.LAUNCHER] cmp=com.example.dogglers/.GridListActivity }, activity.getIntent()=Intent { act=android.intent.action.MAIN cat=[android.intent.category.LAUNCHER] flg=0x10008000 cmp=com.example.dogglers/androidx.test.core.app.InstrumentationActivityInvoker$BootstrapActivity (has extras) }, activity=androidx.test.core.app.InstrumentationActivityInvoker$BootstrapActivity@f861fa4
08-25 18:16:56.529  1428  1428 D gralloc_ranchu: gralloc_alloc: Creating ashmem region of size 7675904
08-25 18:16:56.538  6779  6779 D LifecycleMonitor: Lifecycle status change: androidx.test.core.app.InstrumentationActivityInvoker$BootstrapActivity@f861fa4 in: CREATED
08-25 18:16:56.538  6779  6779 V ActivityScenario: Activity lifecycle changed event received but ignored because the intent does not match. startActivityIntent=Intent { act=android.intent.action.MAIN cat=[android.intent.category.LAUNCHER] cmp=com.example.dogglers/.GridListActivity }, activity.getIntent()=Intent { act=android.intent.action.MAIN cat=[android.intent.category.LAUNCHER] flg=0x10008000 cmp=com.example.dogglers/androidx.test.core.app.InstrumentationActivityInvoker$BootstrapActivity (has extras) }, activity=androidx.test.core.app.InstrumentationActivityInvoker$BootstrapActivity@f861fa4
08-25 18:16:56.538  6779  6779 D LifecycleMonitor: Lifecycle status change: androidx.test.core.app.InstrumentationActivityInvoker$BootstrapActivity@f861fa4 in: STARTED
08-25 18:16:56.539  6779  6779 V ActivityScenario: Activity lifecycle changed event received but ignored because the intent does not match. startActivityIntent=Intent { act=android.intent.action.MAIN cat=[android.intent.category.LAUNCHER] cmp=com.example.dogglers/.GridListActivity }, activity.getIntent()=Intent { act=android.intent.action.MAIN cat=[android.intent.category.LAUNCHER] flg=0x10008000 cmp=com.example.dogglers/androidx.test.core.app.InstrumentationActivityInvoker$BootstrapActivity (has extras) }, activity=androidx.test.core.app.InstrumentationActivityInvoker$BootstrapActivity@f861fa4
08-25 18:16:56.551  6779  6779 D LifecycleMonitor: Lifecycle status change: androidx.test.core.app.InstrumentationActivityInvoker$BootstrapActivity@f861fa4 in: RESUMED
08-25 18:16:56.551  6779  6779 V ActivityScenario: Activity lifecycle changed event received but ignored because the intent does not match. startActivityIntent=Intent { act=android.intent.action.MAIN cat=[android.intent.category.LAUNCHER] cmp=com.example.dogglers/.GridListActivity }, activity.getIntent()=Intent { act=android.intent.action.MAIN cat=[android.intent.category.LAUNCHER] flg=0x10008000 cmp=com.example.dogglers/androidx.test.core.app.InstrumentationActivityInvoker$BootstrapActivity (has extras) }, activity=androidx.test.core.app.InstrumentationActivityInvoker$BootstrapActivity@f861fa4
08-25 18:16:56.553  6779  6779 D LifecycleMonitor: Lifecycle status change: androidx.test.core.app.InstrumentationActivityInvoker$BootstrapActivity@f861fa4 in: PAUSED
08-25 18:16:56.553  6779  6779 V ActivityScenario: Activity lifecycle changed event received but ignored because the intent does not match. startActivityIntent=Intent { act=android.intent.action.MAIN cat=[android.intent.category.LAUNCHER] cmp=com.example.dogglers/.GridListActivity }, activity.getIntent()=Intent { act=android.intent.action.MAIN cat=[android.intent.category.LAUNCHER] flg=0x10008000 cmp=com.example.dogglers/androidx.test.core.app.InstrumentationActivityInvoker$BootstrapActivity (has extras) }, activity=androidx.test.core.app.InstrumentationActivityInvoker$BootstrapActivity@f861fa4
08-25 18:16:56.573  6779  6779 D LifecycleMonitor: Lifecycle status change: com.example.dogglers.GridListActivity@d449f0e in: PRE_ON_CREATE
08-25 18:16:56.574  6779  6779 V ActivityScenario: Activity lifecycle changed event received but ignored because the reported transition was not ON_CREATE while the last known transition was PRE_ON_CREATE
08-25 18:16:56.580  2351  2431 D EGL_emulation: eglMakeCurrent: 0x98dfc180: ver 3 0 (tinfo 0x98f74980)
08-25 18:16:56.580  2728 13915 D EGL_emulation: eglMakeCurrent: 0x98ffd840: ver 3 0 (tinfo 0x79a71660)
08-25 18:16:56.598 30865 30865 I GsaVoiceInteractionSrv: Handling ACTION_STOP_HOTWORD
08-25 18:16:56.599 30865 30898 I HwDetectorWithState: (REDACTED) a: %d
08-25 18:16:56.615  6779  6779 D LifecycleMonitor: Lifecycle status change: com.example.dogglers.GridListActivity@d449f0e in: CREATED
08-25 18:16:56.615  6779  6779 V ActivityScenario: Update currentActivityStage to CREATED, currentActivity=com.example.dogglers.GridListActivity@d449f0e
08-25 18:16:56.618  6779  6779 D LifecycleMonitor: Lifecycle status change: com.example.dogglers.GridListActivity@d449f0e in: STARTED
08-25 18:16:56.619  6779  6779 V ActivityScenario: Update currentActivityStage to STARTED, currentActivity=com.example.dogglers.GridListActivity@d449f0e
08-25 18:16:56.621  6779  6779 D LifecycleMonitor: Lifecycle status change: com.example.dogglers.GridListActivity@d449f0e in: RESUMED
08-25 18:16:56.621  6779  6779 V ActivityScenario: Update currentActivityStage to RESUMED, currentActivity=com.example.dogglers.GridListActivity@d449f0e
08-25 18:16:56.638  1428  1428 D gralloc_ranchu: gralloc_alloc: Creating ashmem region of size 8298496
08-25 18:16:56.639  1428  1428 I chatty  : uid=1000(system) allocator@2.0-s identical 1 line
08-25 18:16:56.639  1428  1428 D gralloc_ranchu: gralloc_alloc: Creating ashmem region of size 8298496
08-25 18:16:56.715 21622 21622 I GoogleInputMethodService: GoogleInputMethodService.onFinishInput():3228
08-25 18:16:56.715 21622 21622 I GoogleInputMethodService: GoogleInputMethodService.updateDeviceLockedStatus():2068 repeatCheckTimes = 0, locked = false
08-25 18:16:56.716 21622 21622 I GoogleInputMethodService: GoogleInputMethodService.onStartInput():1862 onStartInput(EditorInfo{EditorInfo{packageName=com.example.dogglers, inputType=0, inputTypeString=NULL, enableLearning=false, autoCorrection=false, autoComplete=false, imeOptions=0, privateImeOptions=null, actionName=UNSPECIFIED, actionLabel=null, initialSelStart=-1, initialSelEnd=-1, initialCapsMode=0, label=null, fieldId=2131230937, fieldName=null, extras=null, hintText=null, hintLocales=[]}}, false)
08-25 18:16:56.718 21622 21622 I GoogleInputMethodService: GoogleInputMethodService.updateDeviceLockedStatus():2068 repeatCheckTimes = 1, locked = false
08-25 18:16:56.736  6779  6797 D EGL_emulation: eglMakeCurrent: 0x9ba05240: ver 3 0 (tinfo 0x9ba032e0)
08-25 18:16:56.752  1676  1697 I ActivityManager: Displayed com.example.dogglers/.GridListActivity: +195ms (total +247ms)
08-25 18:16:56.753  6779  6779 I ViewInteraction: Performing 'fast swipe' action on view view.getId() is <2131230937/com.example.dogglers:id/grid_recycler_view>
08-25 18:16:56.767  6779  6779 D LifecycleMonitor: Lifecycle status change: androidx.test.core.app.InstrumentationActivityInvoker$BootstrapActivity@f861fa4 in: STOPPED
08-25 18:16:56.768  6779  6779 V ActivityScenario: Activity lifecycle changed event received but ignored because the intent does not match. startActivityIntent=Intent { act=android.intent.action.MAIN cat=[android.intent.category.LAUNCHER] cmp=com.example.dogglers/.GridListActivity }, activity.getIntent()=Intent { act=android.intent.action.MAIN cat=[android.intent.category.LAUNCHER] flg=0x10008000 cmp=com.example.dogglers/androidx.test.core.app.InstrumentationActivityInvoker$BootstrapActivity (has extras) }, activity=androidx.test.core.app.InstrumentationActivityInvoker$BootstrapActivity@f861fa4
08-25 18:16:57.104  6779  6779 I ViewInteraction: Checking 'MatchesViewAssertion{viewMatcher=(view has effective visibility <VISIBLE> and view.getGlobalVisibleRect() to return non-empty rectangle)}' assertion on view an instance of android.widget.TextView and view.getText() with or without transformation to match: is "Bella"
08-25 18:16:57.115  6779  6779 D LifecycleMonitor: Lifecycle status change: com.example.dogglers.GridListActivity@d449f0e in: PAUSED
08-25 18:16:57.115  6779  6779 V ActivityScenario: Update currentActivityStage to PAUSED, currentActivity=com.example.dogglers.GridListActivity@d449f0e
08-25 18:16:57.127  6779  6779 D LifecycleMonitor: Lifecycle status change: androidx.test.core.app.InstrumentationActivityInvoker$EmptyActivity@fad10bc in: PRE_ON_CREATE
08-25 18:16:57.128  6779  6779 V ActivityScenario: Activity lifecycle changed event received but ignored because the intent does not match. startActivityIntent=Intent { act=android.intent.action.MAIN cat=[android.intent.category.LAUNCHER] cmp=com.example.dogglers/.GridListActivity }, activity.getIntent()=Intent { act=android.intent.action.MAIN cat=[android.intent.category.LAUNCHER] flg=0x10000000 cmp=com.example.dogglers/androidx.test.core.app.InstrumentationActivityInvoker$EmptyActivity }, activity=androidx.test.core.app.InstrumentationActivityInvoker$EmptyActivity@fad10bc
08-25 18:16:57.136  6779  6779 D LifecycleMonitor: Lifecycle status change: androidx.test.core.app.InstrumentationActivityInvoker$EmptyActivity@fad10bc in: CREATED
08-25 18:16:57.137  6779  6779 V ActivityScenario: Activity lifecycle changed event received but ignored because the intent does not match. startActivityIntent=Intent { act=android.intent.action.MAIN cat=[android.intent.category.LAUNCHER] cmp=com.example.dogglers/.GridListActivity }, activity.getIntent()=Intent { act=android.intent.action.MAIN cat=[android.intent.category.LAUNCHER] flg=0x10000000 cmp=com.example.dogglers/androidx.test.core.app.InstrumentationActivityInvoker$EmptyActivity }, activity=androidx.test.core.app.InstrumentationActivityInvoker$EmptyActivity@fad10bc
08-25 18:16:57.138  6779  6779 D LifecycleMonitor: Lifecycle status change: androidx.test.core.app.InstrumentationActivityInvoker$EmptyActivity@fad10bc in: STARTED
08-25 18:16:57.138  6779  6779 V ActivityScenario: Activity lifecycle changed event received but ignored because the intent does not match. startActivityIntent=Intent { act=android.intent.action.MAIN cat=[android.intent.category.LAUNCHER] cmp=com.example.dogglers/.GridListActivity }, activity.getIntent()=Intent { act=android.intent.action.MAIN cat=[android.intent.category.LAUNCHER] flg=0x10000000 cmp=com.example.dogglers/androidx.test.core.app.InstrumentationActivityInvoker$EmptyActivity }, activity=androidx.test.core.app.InstrumentationActivityInvoker$EmptyActivity@fad10bc
08-25 18:16:57.141  6779  6779 D LifecycleMonitor: Lifecycle status change: androidx.test.core.app.InstrumentationActivityInvoker$EmptyActivity@fad10bc in: RESUMED
08-25 18:16:57.141  6779  6779 V ActivityScenario: Activity lifecycle changed event received but ignored because the intent does not match. startActivityIntent=Intent { act=android.intent.action.MAIN cat=[android.intent.category.LAUNCHER] cmp=com.example.dogglers/.GridListActivity }, activity.getIntent()=Intent { act=android.intent.action.MAIN cat=[android.intent.category.LAUNCHER] flg=0x10000000 cmp=com.example.dogglers/androidx.test.core.app.InstrumentationActivityInvoker$EmptyActivity }, activity=androidx.test.core.app.InstrumentationActivityInvoker$EmptyActivity@fad10bc
08-25 18:16:57.159  1428  1428 D gralloc_ranchu: gralloc_alloc: Creating ashmem region of size 7675904
08-25 18:16:57.161  1428  1428 I chatty  : uid=1000(system) allocator@2.0-s identical 1 line
08-25 18:16:57.162  1428  1428 D gralloc_ranchu: gralloc_alloc: Creating ashmem region of size 7675904
08-25 18:16:57.175 21622 21622 I GoogleInputMethodService: GoogleInputMethodService.onFinishInput():3228
08-25 18:16:57.175 21622 21622 I GoogleInputMethodService: GoogleInputMethodService.updateDeviceLockedStatus():2068 repeatCheckTimes = 0, locked = false
08-25 18:16:57.175 21622 21622 I GoogleInputMethodService: GoogleInputMethodService.onStartInput():1862 onStartInput(EditorInfo{EditorInfo{packageName=com.example.dogglers, inputType=0, inputTypeString=NULL, enableLearning=false, autoCorrection=false, autoComplete=false, imeOptions=0, privateImeOptions=null, actionName=UNSPECIFIED, actionLabel=null, initialSelStart=-1, initialSelEnd=-1, initialCapsMode=0, label=null, fieldId=-1, fieldName=null, extras=null, hintText=null, hintLocales=[]}}, false)
08-25 18:16:57.176 21622 21622 I GoogleInputMethodService: GoogleInputMethodService.updateDeviceLockedStatus():2068 repeatCheckTimes = 1, locked = false
08-25 18:16:57.177  6779  6797 D EGL_emulation: eglMakeCurrent: 0x9ba05240: ver 3 0 (tinfo 0x9ba032e0)
08-25 18:16:57.183  6779  6797 D EGL_emulation: eglMakeCurrent: 0x9ba05240: ver 3 0 (tinfo 0x9ba032e0)
08-25 18:16:57.188  1676  1697 I ActivityManager: Displayed com.example.dogglers/androidx.test.core.app.InstrumentationActivityInvoker$EmptyActivity: +66ms
08-25 18:16:57.199  6779  6797 D EGL_emulation: eglMakeCurrent: 0x9ba05240: ver 3 0 (tinfo 0x9ba032e0)
08-25 18:16:57.206  6779  6779 D LifecycleMonitor: Lifecycle status change: androidx.test.core.app.InstrumentationActivityInvoker$EmptyActivity@fad10bc in: PAUSED
08-25 18:16:57.206  6779  6779 V ActivityScenario: Activity lifecycle changed event received but ignored because the intent does not match. startActivityIntent=Intent { act=android.intent.action.MAIN cat=[android.intent.category.LAUNCHER] cmp=com.example.dogglers/.GridListActivity }, activity.getIntent()=Intent { act=android.intent.action.MAIN cat=[android.intent.category.LAUNCHER] flg=0x10000000 cmp=com.example.dogglers/androidx.test.core.app.InstrumentationActivityInvoker$EmptyActivity }, activity=androidx.test.core.app.InstrumentationActivityInvoker$EmptyActivity@fad10bc
08-25 18:16:57.213  6779  6779 D LifecycleMonitor: Lifecycle status change: androidx.test.core.app.InstrumentationActivityInvoker$BootstrapActivity@f861fa4 in: DESTROYED
08-25 18:16:57.213  6779  6779 V ActivityScenario: Activity lifecycle changed event received but ignored because the intent does not match. startActivityIntent=Intent { act=android.intent.action.MAIN cat=[android.intent.category.LAUNCHER] cmp=com.example.dogglers/.GridListActivity }, activity.getIntent()=Intent { act=android.intent.action.MAIN cat=[android.intent.category.LAUNCHER] flg=0x10008000 cmp=com.example.dogglers/androidx.test.core.app.InstrumentationActivityInvoker$BootstrapActivity (has extras) }, activity=androidx.test.core.app.InstrumentationActivityInvoker$BootstrapActivity@f861fa4
08-25 18:16:57.220  6779  6779 D LifecycleMonitor: Lifecycle status change: androidx.test.core.app.InstrumentationActivityInvoker$EmptyActivity@7b44766 in: PRE_ON_CREATE
08-25 18:16:57.220  6779  6779 V ActivityScenario: Activity lifecycle changed event received but ignored because the intent does not match. startActivityIntent=Intent { act=android.intent.action.MAIN cat=[android.intent.category.LAUNCHER] cmp=com.example.dogglers/.GridListActivity }, activity.getIntent()=Intent { act=android.intent.action.MAIN cat=[android.intent.category.LAUNCHER] flg=0x10000000 cmp=com.example.dogglers/androidx.test.core.app.InstrumentationActivityInvoker$EmptyActivity }, activity=androidx.test.core.app.InstrumentationActivityInvoker$EmptyActivity@7b44766
08-25 18:16:57.224  6779  6779 D LifecycleMonitor: Lifecycle status change: androidx.test.core.app.InstrumentationActivityInvoker$EmptyActivity@7b44766 in: CREATED
08-25 18:16:57.225  6779  6779 V ActivityScenario: Activity lifecycle changed event received but ignored because the intent does not match. startActivityIntent=Intent { act=android.intent.action.MAIN cat=[android.intent.category.LAUNCHER] cmp=com.example.dogglers/.GridListActivity }, activity.getIntent()=Intent { act=android.intent.action.MAIN cat=[android.intent.category.LAUNCHER] flg=0x10000000 cmp=com.example.dogglers/androidx.test.core.app.InstrumentationActivityInvoker$EmptyActivity }, activity=androidx.test.core.app.InstrumentationActivityInvoker$EmptyActivity@7b44766
08-25 18:16:57.226  6779  6779 D LifecycleMonitor: Lifecycle status change: androidx.test.core.app.InstrumentationActivityInvoker$EmptyActivity@7b44766 in: STARTED
08-25 18:16:57.227  6779  6779 V ActivityScenario: Activity lifecycle changed event received but ignored because the intent does not match. startActivityIntent=Intent { act=android.intent.action.MAIN cat=[android.intent.category.LAUNCHER] cmp=com.example.dogglers/.GridListActivity }, activity.getIntent()=Intent { act=android.intent.action.MAIN cat=[android.intent.category.LAUNCHER] flg=0x10000000 cmp=com.example.dogglers/androidx.test.core.app.InstrumentationActivityInvoker$EmptyActivity }, activity=androidx.test.core.app.InstrumentationActivityInvoker$EmptyActivity@7b44766
08-25 18:16:57.229  6779  6779 D LifecycleMonitor: Lifecycle status change: androidx.test.core.app.InstrumentationActivityInvoker$EmptyActivity@7b44766 in: RESUMED
08-25 18:16:57.230  6779  6779 V ActivityScenario: Activity lifecycle changed event received but ignored because the intent does not match. startActivityIntent=Intent { act=android.intent.action.MAIN cat=[android.intent.category.LAUNCHER] cmp=com.example.dogglers/.GridListActivity }, activity.getIntent()=Intent { act=android.intent.action.MAIN cat=[android.intent.category.LAUNCHER] flg=0x10000000 cmp=com.example.dogglers/androidx.test.core.app.InstrumentationActivityInvoker$EmptyActivity }, activity=androidx.test.core.app.InstrumentationActivityInvoker$EmptyActivity@7b44766
08-25 18:16:57.239  6779  6779 D LifecycleMonitor: Lifecycle status change: com.example.dogglers.GridListActivity@d449f0e in: STOPPED
08-25 18:16:57.239  6779  6779 V ActivityScenario: Update currentActivityStage to STOPPED, currentActivity=com.example.dogglers.GridListActivity@d449f0e
08-25 18:16:57.239  6779  6779 D LifecycleMonitor: Lifecycle status change: com.example.dogglers.GridListActivity@d449f0e in: DESTROYED
08-25 18:16:57.239  6779  6779 V ActivityScenario: Update currentActivityStage to DESTROYED, currentActivity=null
08-25 18:16:57.251  1438  1438 D SurfaceFlinger: duplicate layer name: changing com.example.dogglers/androidx.test.core.app.InstrumentationActivityInvoker$EmptyActivity to com.example.dogglers/androidx.test.core.app.InstrumentationActivityInvoker$EmptyActivity#1
08-25 18:16:57.255  1428  1428 D gralloc_ranchu: gralloc_alloc: Creating ashmem region of size 7675904
08-25 18:16:57.257  1428  1428 I chatty  : uid=1000(system) allocator@2.0-s identical 1 line
08-25 18:16:57.261  1428  1428 D gralloc_ranchu: gralloc_alloc: Creating ashmem region of size 7675904
08-25 18:16:57.272 21622 21622 I GoogleInputMethodService: GoogleInputMethodService.onFinishInput():3228
08-25 18:16:57.275 21622 21622 I GoogleInputMethodService: GoogleInputMethodService.updateDeviceLockedStatus():2068 repeatCheckTimes = 0, locked = false
08-25 18:16:57.275 21622 21622 I GoogleInputMethodService: GoogleInputMethodService.onStartInput():1862 onStartInput(EditorInfo{EditorInfo{packageName=com.example.dogglers, inputType=0, inputTypeString=NULL, enableLearning=false, autoCorrection=false, autoComplete=false, imeOptions=0, privateImeOptions=null, actionName=UNSPECIFIED, actionLabel=null, initialSelStart=-1, initialSelEnd=-1, initialCapsMode=0, label=null, fieldId=-1, fieldName=null, extras=null, hintText=null, hintLocales=[]}}, false)
08-25 18:16:57.276 21622 21622 I GoogleInputMethodService: GoogleInputMethodService.updateDeviceLockedStatus():2068 repeatCheckTimes = 1, locked = false
08-25 18:16:57.280  6779  6797 D EGL_emulation: eglMakeCurrent: 0x9ba05240: ver 3 0 (tinfo 0x9ba032e0)
08-25 18:16:57.300  1676  1697 I ActivityManager: Displayed com.example.dogglers/androidx.test.core.app.InstrumentationActivityInvoker$EmptyActivity: +88ms
08-25 18:16:57.312  6779  6779 D LifecycleMonitor: Lifecycle status change: androidx.test.core.app.InstrumentationActivityInvoker$EmptyActivity@7b44766 in: PAUSED
08-25 18:16:57.313  6779  6779 V ActivityScenario: Activity lifecycle changed event received but ignored because the intent does not match. startActivityIntent=Intent { act=android.intent.action.MAIN cat=[android.intent.category.LAUNCHER] cmp=com.example.dogglers/.GridListActivity }, activity.getIntent()=Intent { act=android.intent.action.MAIN cat=[android.intent.category.LAUNCHER] flg=0x10000000 cmp=com.example.dogglers/androidx.test.core.app.InstrumentationActivityInvoker$EmptyActivity }, activity=androidx.test.core.app.InstrumentationActivityInvoker$EmptyActivity@7b44766
08-25 18:16:57.325  2351  2431 W OpenGLRenderer: Incorrectly called buildLayer on View: ShortcutAndWidgetContainer, destroying layer...
08-25 18:16:57.337  1428  1428 D gralloc_ranchu: gralloc_alloc: Creating ashmem region of size 8298496
08-25 18:16:57.341  1428  1428 I chatty  : uid=1000(system) allocator@2.0-s identical 1 line
08-25 18:16:57.343  1428  1428 D gralloc_ranchu: gralloc_alloc: Creating ashmem region of size 8298496
08-25 18:16:57.347  6779  6779 D LifecycleMonitor: Lifecycle status change: androidx.test.core.app.InstrumentationActivityInvoker$EmptyActivity@fad10bc in: STOPPED
08-25 18:16:57.347  6779  6779 V ActivityScenario: Activity lifecycle changed event received but ignored because the intent does not match. startActivityIntent=Intent { act=android.intent.action.MAIN cat=[android.intent.category.LAUNCHER] cmp=com.example.dogglers/.GridListActivity }, activity.getIntent()=Intent { act=android.intent.action.MAIN cat=[android.intent.category.LAUNCHER] flg=0x10000000 cmp=com.example.dogglers/androidx.test.core.app.InstrumentationActivityInvoker$EmptyActivity }, activity=androidx.test.core.app.InstrumentationActivityInvoker$EmptyActivity@fad10bc
08-25 18:16:57.352  6779  6779 D LifecycleMonitor: Lifecycle status change: androidx.test.core.app.InstrumentationActivityInvoker$EmptyActivity@fad10bc in: DESTROYED
08-25 18:16:57.353  6779  6779 V ActivityScenario: Activity lifecycle changed event received but ignored because the intent does not match. startActivityIntent=Intent { act=android.intent.action.MAIN cat=[android.intent.category.LAUNCHER] cmp=com.example.dogglers/.GridListActivity }, activity.getIntent()=Intent { act=android.intent.action.MAIN cat=[android.intent.category.LAUNCHER] flg=0x10000000 cmp=com.example.dogglers/androidx.test.core.app.InstrumentationActivityInvoker$EmptyActivity }, activity=androidx.test.core.app.InstrumentationActivityInvoker$EmptyActivity@fad10bc
08-25 18:16:57.366  2728 13915 D EGL_emulation: eglMakeCurrent: 0x98ffd840: ver 3 0 (tinfo 0x79a71660)
08-25 18:16:57.369  6779  6795 I TestRunner: finished: vertical_scrolling(com.example.dogglers.GridListTests)
