08-25 18:16:52.382  6779  6795 I TestRunner: started: clicking_vertical_list_button_displays_vertical_list(com.example.dogglers.ButtonTests)
08-25 18:16:52.397  6779  6795 W Settings: Setting always_finish_activities has moved from android.provider.Settings.System to android.provider.Settings.Global, returning read-only value.
08-25 18:16:52.436  6779  6779 D LifecycleMonitor: Lifecycle status change: androidx.test.core.app.InstrumentationActivityInvoker$BootstrapActivity@6f182b9 in: PRE_ON_CREATE
08-25 18:16:52.437  6779  6779 V ActivityScenario: Activity lifecycle changed event received but ignored because the intent does not match. startActivityIntent=Intent { act=android.intent.action.MAIN cat=[android.intent.category.LAUNCHER] cmp=com.example.dogglers/.MainActivity }, activity.getIntent()=Intent { act=android.intent.action.MAIN cat=[android.intent.category.LAUNCHER] flg=0x10008000 cmp=com.example.dogglers/androidx.test.core.app.InstrumentationActivityInvoker$BootstrapActivity (has extras) }, activity=androidx.test.core.app.InstrumentationActivityInvoker$BootstrapActivity@6f182b9
08-25 18:16:52.442  1428  1428 D gralloc_ranchu: gralloc_alloc: Creating ashmem region of size 7675904
08-25 18:16:52.448  6779  6779 D LifecycleMonitor: Lifecycle status change: androidx.test.core.app.InstrumentationActivityInvoker$BootstrapActivity@6f182b9 in: CREATED
08-25 18:16:52.448  6779  6779 V ActivityScenario: Activity lifecycle changed event received but ignored because the intent does not match. startActivityIntent=Intent { act=android.intent.action.MAIN cat=[android.intent.category.LAUNCHER] cmp=com.example.dogglers/.MainActivity }, activity.getIntent()=Intent { act=android.intent.action.MAIN cat=[android.intent.category.LAUNCHER] flg=0x10008000 cmp=com.example.dogglers/androidx.test.core.app.InstrumentationActivityInvoker$BootstrapActivity (has extras) }, activity=androidx.test.core.app.InstrumentationActivityInvoker$BootstrapActivity@6f182b9
08-25 18:16:52.449  6779  6779 D LifecycleMonitor: Lifecycle status change: androidx.test.core.app.InstrumentationActivityInvoker$BootstrapActivity@6f182b9 in: STARTED
08-25 18:16:52.449  6779  6779 V ActivityScenario: Activity lifecycle changed event received but ignored because the intent does not match. startActivityIntent=Intent { act=android.intent.action.MAIN cat=[android.intent.category.LAUNCHER] cmp=com.example.dogglers/.MainActivity }, activity.getIntent()=Intent { act=android.intent.action.MAIN cat=[android.intent.category.LAUNCHER] flg=0x10008000 cmp=com.example.dogglers/androidx.test.core.app.InstrumentationActivityInvoker$BootstrapActivity (has extras) }, activity=androidx.test.core.app.InstrumentationActivityInvoker$BootstrapActivity@6f182b9
08-25 18:16:52.460  6779  6779 D LifecycleMonitor: Lifecycle status change: androidx.test.core.app.InstrumentationActivityInvoker$BootstrapActivity@6f182b9 in: RESUMED
08-25 18:16:52.461  6779  6779 V ActivityScenario: Activity lifecycle changed event received but ignored because the intent does not match. startActivityIntent=Intent { act=android.intent.action.MAIN cat=[android.intent.category.LAUNCHER] cmp=com.example.dogglers/.MainActivity }, activity.getIntent()=Intent { act=android.intent.action.MAIN cat=[android.intent.category.LAUNCHER] flg=0x10008000 cmp=com.example.dogglers/androidx.test.core.app.InstrumentationActivityInvoker$BootstrapActivity (has extras) }, activity=androidx.test.core.app.InstrumentationActivityInvoker$BootstrapActivity@6f182b9
08-25 18:16:52.463  6779  6779 D LifecycleMonitor: Lifecycle status change: androidx.test.core.app.InstrumentationActivityInvoker$BootstrapActivity@6f182b9 in: PAUSED
08-25 18:16:52.465  6779  6779 V ActivityScenario: Activity lifecycle changed event received but ignored because the intent does not match. startActivityIntent=Intent { act=android.intent.action.MAIN cat=[android.intent.category.LAUNCHER] cmp=com.example.dogglers/.MainActivity }, activity.getIntent()=Intent { act=android.intent.action.MAIN cat=[android.intent.category.LAUNCHER] flg=0x10008000 cmp=com.example.dogglers/androidx.test.core.app.InstrumentationActivityInvoker$BootstrapActivity (has extras) }, activity=androidx.test.core.app.InstrumentationActivityInvoker$BootstrapActivity@6f182b9
08-25 18:16:52.489  6779  6779 D LifecycleMonitor: Lifecycle status change: com.example.dogglers.MainActivity@870217b in: PRE_ON_CREATE
08-25 18:16:52.490  6779  6779 V ActivityScenario: Activity lifecycle changed event received but ignored because the reported transition was not ON_CREATE while the last known transition was PRE_ON_CREATE
08-25 18:16:52.494  2351  2431 W OpenGLRenderer: Incorrectly called buildLayer on View: ShortcutAndWidgetContainer, destroying layer...
08-25 18:16:52.517 30865 30865 I GsaVoiceInteractionSrv: Handling ACTION_STOP_HOTWORD
08-25 18:16:52.518 30865 30898 I HwDetectorWithState: (REDACTED) a: %d
08-25 18:16:52.539  6779  6779 D LifecycleMonitor: Lifecycle status change: com.example.dogglers.MainActivity@870217b in: CREATED
08-25 18:16:52.539  6779  6779 V ActivityScenario: Update currentActivityStage to CREATED, currentActivity=com.example.dogglers.MainActivity@870217b
08-25 18:16:52.541  6779  6779 D LifecycleMonitor: Lifecycle status change: com.example.dogglers.MainActivity@870217b in: STARTED
08-25 18:16:52.541  6779  6779 V ActivityScenario: Update currentActivityStage to STARTED, currentActivity=com.example.dogglers.MainActivity@870217b
08-25 18:16:52.542  2351  2431 D EGL_emulation: eglMakeCurrent: 0x98dfc180: ver 3 0 (tinfo 0x98f74980)
08-25 18:16:52.544  2728 13915 D EGL_emulation: eglMakeCurrent: 0x98ffd840: ver 3 0 (tinfo 0x79a71660)
08-25 18:16:52.545  6779  6779 D LifecycleMonitor: Lifecycle status change: com.example.dogglers.MainActivity@870217b in: RESUMED
08-25 18:16:52.545  6779  6779 V ActivityScenario: Update currentActivityStage to RESUMED, currentActivity=com.example.dogglers.MainActivity@870217b
08-25 18:16:52.576  1676  5683 I OpenGLRenderer: Initialized EGL, version 1.4
08-25 18:16:52.576  1676  5683 D OpenGLRenderer: Swap behavior 1
08-25 18:16:52.577  1676  5683 W OpenGLRenderer: Failed to choose config with EGL_SWAP_BEHAVIOR_PRESERVED, retrying without...
08-25 18:16:52.577  1676  5683 D OpenGLRenderer: Swap behavior 0
08-25 18:16:52.581  1676  5683 D EGL_emulation: eglCreateContext: 0x847af360: maj 3 min 0 rcv 3
08-25 18:16:52.585  1676  5683 D EGL_emulation: eglMakeCurrent: 0x847af360: ver 3 0 (tinfo 0x847df910)
08-25 18:16:52.591  1676  5683 E eglCodecCommon: glUtilsParamSize: unknow param 0x00008cdf
08-25 18:16:52.591  1676  5683 E eglCodecCommon: glUtilsParamSize: unknow param 0x00008cdf
08-25 18:16:52.593  1676  5683 E eglCodecCommon: glUtilsParamSize: unknow param 0x00008824
08-25 18:16:52.595  1676  5683 E eglCodecCommon: glUtilsParamSize: unknow param 0x00008824
08-25 18:16:52.680  1428  1428 D gralloc_ranchu: gralloc_alloc: Creating ashmem region of size 8298496
08-25 18:16:52.686  1428  1428 I chatty  : uid=1000(system) allocator@2.0-s identical 1 line
08-25 18:16:52.697  1428  1428 D gralloc_ranchu: gralloc_alloc: Creating ashmem region of size 8298496
08-25 18:16:52.732  1422  1536 W audio_hw_generic: Not supplying enough data to HAL, expected position 6826160 , only wrote 6585120
08-25 18:16:52.750  6779  6784 I zygote  : JIT allocated 71KB for compiled code of void android.widget.TextView.<init>(android.content.Context, android.util.AttributeSet, int, int)
08-25 18:16:52.750  6779  6784 I zygote  : Compiler allocated 4MB to compile void android.widget.TextView.<init>(android.content.Context, android.util.AttributeSet, int, int)
08-25 18:16:52.759  6779  6797 D EGL_emulation: eglMakeCurrent: 0x9ba05240: ver 3 0 (tinfo 0x9ba032e0)
08-25 18:16:52.813  1676  1697 I ActivityManager: Displayed com.example.dogglers/.MainActivity: +308ms (total +356ms)
08-25 18:16:52.820 21622 21622 I GoogleInputMethodService: GoogleInputMethodService.onFinishInput():3228
08-25 18:16:52.823 21622 21622 I GoogleInputMethodService: GoogleInputMethodService.updateDeviceLockedStatus():2068 repeatCheckTimes = 0, locked = false
08-25 18:16:52.823 21622 21622 I GoogleInputMethodService: GoogleInputMethodService.onStartInput():1862 onStartInput(EditorInfo{EditorInfo{packageName=com.example.dogglers, inputType=0, inputTypeString=NULL, enableLearning=false, autoCorrection=false, autoComplete=false, imeOptions=0, privateImeOptions=null, actionName=UNSPECIFIED, actionLabel=null, initialSelStart=-1, initialSelEnd=-1, initialCapsMode=0, label=null, fieldId=-1, fieldName=null, extras=null, hintText=null, hintLocales=[]}}, false)
08-25 18:16:52.825 21622 21622 I GoogleInputMethodService: GoogleInputMethodService.updateDeviceLockedStatus():2068 repeatCheckTimes = 1, locked = false
08-25 18:16:52.846  6779  6779 I ViewInteraction: Performing 'single click' action on view view.getId() is <2131231204/com.example.dogglers:id/vertical_btn>
08-25 18:16:52.865  6779  6779 D LifecycleMonitor: Lifecycle status change: androidx.test.core.app.InstrumentationActivityInvoker$BootstrapActivity@6f182b9 in: STOPPED
08-25 18:16:52.866  6779  6779 V ActivityScenario: Activity lifecycle changed event received but ignored because the intent does not match. startActivityIntent=Intent { act=android.intent.action.MAIN cat=[android.intent.category.LAUNCHER] cmp=com.example.dogglers/.MainActivity }, activity.getIntent()=Intent { act=android.intent.action.MAIN cat=[android.intent.category.LAUNCHER] flg=0x10008000 cmp=com.example.dogglers/androidx.test.core.app.InstrumentationActivityInvoker$BootstrapActivity (has extras) }, activity=androidx.test.core.app.InstrumentationActivityInvoker$BootstrapActivity@6f182b9
08-25 18:16:52.892  1438  1438 W SurfaceFlinger: couldn't log to binary event log: overflow.
08-25 18:16:52.904  1422 14636 W audio_hw_generic: Not supplying enough data to HAL, expected position 6585414 , only wrote 6585120
08-25 18:16:52.963  6779  6779 D LifecycleMonitor: Lifecycle status change: com.example.dogglers.MainActivity@870217b in: PAUSED
08-25 18:16:52.964  6779  6779 V ActivityScenario: Update currentActivityStage to PAUSED, currentActivity=com.example.dogglers.MainActivity@870217b
08-25 18:16:52.965  1676  1685 I zygote  : NativeAllocBackground concurrent copying GC freed 6704(896KB) AllocSpace objects, 8(160KB) LOS objects, 31% free, 12MB/18MB, paused 5.324ms total 383.490ms
08-25 18:16:52.999  6779  6779 D LifecycleMonitor: Lifecycle status change: com.example.dogglers.VerticalListActivity@3257ab8 in: PRE_ON_CREATE
08-25 18:16:52.999  6779  6779 V ActivityScenario: Activity lifecycle changed event received but ignored because the intent does not match. startActivityIntent=Intent { act=android.intent.action.MAIN cat=[android.intent.category.LAUNCHER] cmp=com.example.dogglers/.MainActivity }, activity.getIntent()=Intent { cmp=com.example.dogglers/.VerticalListActivity }, activity=com.example.dogglers.VerticalListActivity@3257ab8
08-25 18:16:53.055  6779  6779 D LifecycleMonitor: Lifecycle status change: com.example.dogglers.VerticalListActivity@3257ab8 in: CREATED
08-25 18:16:53.055  6779  6779 V ActivityScenario: Activity lifecycle changed event received but ignored because the intent does not match. startActivityIntent=Intent { act=android.intent.action.MAIN cat=[android.intent.category.LAUNCHER] cmp=com.example.dogglers/.MainActivity }, activity.getIntent()=Intent { cmp=com.example.dogglers/.VerticalListActivity }, activity=com.example.dogglers.VerticalListActivity@3257ab8
08-25 18:16:53.058  6779  6779 D LifecycleMonitor: Lifecycle status change: com.example.dogglers.VerticalListActivity@3257ab8 in: STARTED
08-25 18:16:53.059  6779  6779 V ActivityScenario: Activity lifecycle changed event received but ignored because the intent does not match. startActivityIntent=Intent { act=android.intent.action.MAIN cat=[android.intent.category.LAUNCHER] cmp=com.example.dogglers/.MainActivity }, activity.getIntent()=Intent { cmp=com.example.dogglers/.VerticalListActivity }, activity=com.example.dogglers.VerticalListActivity@3257ab8
08-25 18:16:53.067  6779  6779 D LifecycleMonitor: Lifecycle status change: com.example.dogglers.VerticalListActivity@3257ab8 in: RESUMED
08-25 18:16:53.067  6779  6779 V ActivityScenario: Activity lifecycle changed event received but ignored because the intent does not match. startActivityIntent=Intent { act=android.intent.action.MAIN cat=[android.intent.category.LAUNCHER] cmp=com.example.dogglers/.MainActivity }, activity.getIntent()=Intent { cmp=com.example.dogglers/.VerticalListActivity }, activity=com.example.dogglers.VerticalListActivity@3257ab8
08-25 18:16:53.108  1428  1428 D gralloc_ranchu: gralloc_alloc: Creating ashmem region of size 8298496
08-25 18:16:53.109  1428  1428 I chatty  : uid=1000(system) allocator@2.0-s identical 1 line
08-25 18:16:53.111  1428  1428 D gralloc_ranchu: gralloc_alloc: Creating ashmem region of size 8298496
08-25 18:16:53.200  6779  6797 D EGL_emulation: eglMakeCurrent: 0x9ba05240: ver 3 0 (tinfo 0x9ba032e0)
08-25 18:16:53.210  6779  6797 D EGL_emulation: eglMakeCurrent: 0x9ba05240: ver 3 0 (tinfo 0x9ba032e0)
08-25 18:16:53.218  1676  1697 I ActivityManager: Displayed com.example.dogglers/.VerticalListActivity: +247ms
08-25 18:16:53.218 21622 21622 I GoogleInputMethodService: GoogleInputMethodService.onFinishInput():3228
08-25 18:16:53.219 21622 21622 I GoogleInputMethodService: GoogleInputMethodService.updateDeviceLockedStatus():2068 repeatCheckTimes = 0, locked = false
08-25 18:16:53.219 21622 21622 I GoogleInputMethodService: GoogleInputMethodService.onStartInput():1862 onStartInput(EditorInfo{EditorInfo{packageName=com.example.dogglers, inputType=0, inputTypeString=NULL, enableLearning=false, autoCorrection=false, autoComplete=false, imeOptions=0, privateImeOptions=null, actionName=UNSPECIFIED, actionLabel=null, initialSelStart=-1, initialSelEnd=-1, initialCapsMode=0, label=null, fieldId=2131231206, fieldName=null, extras=null, hintText=null, hintLocales=[]}}, false)
08-25 18:16:53.220 21622 21622 I GoogleInputMethodService: GoogleInputMethodService.updateDeviceLockedStatus():2068 repeatCheckTimes = 1, locked = false
08-25 18:16:53.225  6779  6797 D EGL_emulation: eglMakeCurrent: 0x9ba05240: ver 3 0 (tinfo 0x9ba032e0)
08-25 18:16:53.235  6779  6797 I chatty  : uid=10089(u0_a89) RenderThread identical 1 line
08-25 18:16:53.244  6779  6797 D EGL_emulation: eglMakeCurrent: 0x9ba05240: ver 3 0 (tinfo 0x9ba032e0)
08-25 18:16:53.245  6779  6797 D OpenGLRenderer: endAllActiveAnimators on 0x7ecb3e00 (RippleDrawable) with handle 0x9ba603e0
08-25 18:16:53.471  6779  6779 I ViewInteraction: Checking 'MatchesViewAssertion{viewMatcher=(view has effective visibility <VISIBLE> and view.getGlobalVisibleRect() to return non-empty rectangle)}' assertion on view view.getId() is <2131231206/com.example.dogglers:id/vertical_recycler_view>
08-25 18:16:53.476  6779  6779 D LifecycleMonitor: Lifecycle status change: com.example.dogglers.VerticalListActivity@3257ab8 in: PAUSED
08-25 18:16:53.476  6779  6779 V ActivityScenario: Activity lifecycle changed event received but ignored because the intent does not match. startActivityIntent=Intent { act=android.intent.action.MAIN cat=[android.intent.category.LAUNCHER] cmp=com.example.dogglers/.MainActivity }, activity.getIntent()=Intent { cmp=com.example.dogglers/.VerticalListActivity }, activity=com.example.dogglers.VerticalListActivity@3257ab8
08-25 18:16:53.488  6779  6779 D LifecycleMonitor: Lifecycle status change: androidx.test.core.app.InstrumentationActivityInvoker$EmptyActivity@92baeb6 in: PRE_ON_CREATE
08-25 18:16:53.488  6779  6779 V ActivityScenario: Activity lifecycle changed event received but ignored because the intent does not match. startActivityIntent=Intent { act=android.intent.action.MAIN cat=[android.intent.category.LAUNCHER] cmp=com.example.dogglers/.MainActivity }, activity.getIntent()=Intent { act=android.intent.action.MAIN cat=[android.intent.category.LAUNCHER] flg=0x10000000 cmp=com.example.dogglers/androidx.test.core.app.InstrumentationActivityInvoker$EmptyActivity }, activity=androidx.test.core.app.InstrumentationActivityInvoker$EmptyActivity@92baeb6
08-25 18:16:53.494  6779  6779 D LifecycleMonitor: Lifecycle status change: androidx.test.core.app.InstrumentationActivityInvoker$EmptyActivity@92baeb6 in: CREATED
08-25 18:16:53.494  6779  6779 V ActivityScenario: Activity lifecycle changed event received but ignored because the intent does not match. startActivityIntent=Intent { act=android.intent.action.MAIN cat=[android.intent.category.LAUNCHER] cmp=com.example.dogglers/.MainActivity }, activity.getIntent()=Intent { act=android.intent.action.MAIN cat=[android.intent.category.LAUNCHER] flg=0x10000000 cmp=com.example.dogglers/androidx.test.core.app.InstrumentationActivityInvoker$EmptyActivity }, activity=androidx.test.core.app.InstrumentationActivityInvoker$EmptyActivity@92baeb6
08-25 18:16:53.495  6779  6779 D LifecycleMonitor: Lifecycle status change: androidx.test.core.app.InstrumentationActivityInvoker$EmptyActivity@92baeb6 in: STARTED
08-25 18:16:53.495  6779  6779 V ActivityScenario: Activity lifecycle changed event received but ignored because the intent does not match. startActivityIntent=Intent { act=android.intent.action.MAIN cat=[android.intent.category.LAUNCHER] cmp=com.example.dogglers/.MainActivity }, activity.getIntent()=Intent { act=android.intent.action.MAIN cat=[android.intent.category.LAUNCHER] flg=0x10000000 cmp=com.example.dogglers/androidx.test.core.app.InstrumentationActivityInvoker$EmptyActivity }, activity=androidx.test.core.app.InstrumentationActivityInvoker$EmptyActivity@92baeb6
08-25 18:16:53.499  6779  6779 D LifecycleMonitor: Lifecycle status change: androidx.test.core.app.InstrumentationActivityInvoker$EmptyActivity@92baeb6 in: RESUMED
08-25 18:16:53.499  6779  6779 V ActivityScenario: Activity lifecycle changed event received but ignored because the intent does not match. startActivityIntent=Intent { act=android.intent.action.MAIN cat=[android.intent.category.LAUNCHER] cmp=com.example.dogglers/.MainActivity }, activity.getIntent()=Intent { act=android.intent.action.MAIN cat=[android.intent.category.LAUNCHER] flg=0x10000000 cmp=com.example.dogglers/androidx.test.core.app.InstrumentationActivityInvoker$EmptyActivity }, activity=androidx.test.core.app.InstrumentationActivityInvoker$EmptyActivity@92baeb6
08-25 18:16:53.515  1428  1428 D gralloc_ranchu: gralloc_alloc: Creating ashmem region of size 7675904
08-25 18:16:53.516  1428  1428 D gralloc_ranchu: gralloc_alloc: Creating ashmem region of size 7675904
08-25 18:16:53.518  1676  1693 E BluetoothAdapter: Bluetooth binder is null
08-25 18:16:53.518  1428  1428 D gralloc_ranchu: gralloc_alloc: Creating ashmem region of size 7675904
08-25 18:16:53.521  6779  6797 D EGL_emulation: eglMakeCurrent: 0x9ba05240: ver 3 0 (tinfo 0x9ba032e0)
08-25 18:16:53.526 21622 21622 I GoogleInputMethodService: GoogleInputMethodService.onFinishInput():3228
08-25 18:16:53.528 21622 21622 I GoogleInputMethodService: GoogleInputMethodService.updateDeviceLockedStatus():2068 repeatCheckTimes = 0, locked = false
08-25 18:16:53.528 21622 21622 I GoogleInputMethodService: GoogleInputMethodService.onStartInput():1862 onStartInput(EditorInfo{EditorInfo{packageName=com.example.dogglers, inputType=0, inputTypeString=NULL, enableLearning=false, autoCorrection=false, autoComplete=false, imeOptions=0, privateImeOptions=null, actionName=UNSPECIFIED, actionLabel=null, initialSelStart=-1, initialSelEnd=-1, initialCapsMode=0, label=null, fieldId=-1, fieldName=null, extras=null, hintText=null, hintLocales=[]}}, false)
08-25 18:16:53.529 21622 21622 I GoogleInputMethodService: GoogleInputMethodService.updateDeviceLockedStatus():2068 repeatCheckTimes = 1, locked = false
08-25 18:16:53.531  6779  6797 D EGL_emulation: eglMakeCurrent: 0x9ba05240: ver 3 0 (tinfo 0x9ba032e0)
08-25 18:16:53.543  6779  6779 D LifecycleMonitor: Lifecycle status change: com.example.dogglers.MainActivity@870217b in: STOPPED
08-25 18:16:53.543  6779  6779 V ActivityScenario: Update currentActivityStage to STOPPED, currentActivity=com.example.dogglers.MainActivity@870217b
08-25 18:16:53.544  6779  6779 D LifecycleMonitor: Lifecycle status change: com.example.dogglers.MainActivity@870217b in: DESTROYED
08-25 18:16:53.544  6779  6779 V ActivityScenario: Update currentActivityStage to DESTROYED, currentActivity=null
08-25 18:16:53.557  6779  6779 D LifecycleMonitor: Lifecycle status change: androidx.test.core.app.InstrumentationActivityInvoker$EmptyActivity@92baeb6 in: PAUSED
08-25 18:16:53.557  6779  6779 V ActivityScenario: Activity lifecycle changed event received but ignored because the intent does not match. startActivityIntent=Intent { act=android.intent.action.MAIN cat=[android.intent.category.LAUNCHER] cmp=com.example.dogglers/.MainActivity }, activity.getIntent()=Intent { act=android.intent.action.MAIN cat=[android.intent.category.LAUNCHER] flg=0x10000000 cmp=com.example.dogglers/androidx.test.core.app.InstrumentationActivityInvoker$EmptyActivity }, activity=androidx.test.core.app.InstrumentationActivityInvoker$EmptyActivity@92baeb6
08-25 18:16:53.562  6779  6779 D LifecycleMonitor: Lifecycle status change: androidx.test.core.app.InstrumentationActivityInvoker$BootstrapActivity@6f182b9 in: DESTROYED
08-25 18:16:53.563  6779  6779 V ActivityScenario: Activity lifecycle changed event received but ignored because the intent does not match. startActivityIntent=Intent { act=android.intent.action.MAIN cat=[android.intent.category.LAUNCHER] cmp=com.example.dogglers/.MainActivity }, activity.getIntent()=Intent { act=android.intent.action.MAIN cat=[android.intent.category.LAUNCHER] flg=0x10008000 cmp=com.example.dogglers/androidx.test.core.app.InstrumentationActivityInvoker$BootstrapActivity (has extras) }, activity=androidx.test.core.app.InstrumentationActivityInvoker$BootstrapActivity@6f182b9
08-25 18:16:53.570  6779  6779 D LifecycleMonitor: Lifecycle status change: androidx.test.core.app.InstrumentationActivityInvoker$EmptyActivity@949cabc in: PRE_ON_CREATE
08-25 18:16:53.571  6779  6779 V ActivityScenario: Activity lifecycle changed event received but ignored because the intent does not match. startActivityIntent=Intent { act=android.intent.action.MAIN cat=[android.intent.category.LAUNCHER] cmp=com.example.dogglers/.MainActivity }, activity.getIntent()=Intent { act=android.intent.action.MAIN cat=[android.intent.category.LAUNCHER] flg=0x10000000 cmp=com.example.dogglers/androidx.test.core.app.InstrumentationActivityInvoker$EmptyActivity }, activity=androidx.test.core.app.InstrumentationActivityInvoker$EmptyActivity@949cabc
08-25 18:16:53.579  6779  6779 D LifecycleMonitor: Lifecycle status change: androidx.test.core.app.InstrumentationActivityInvoker$EmptyActivity@949cabc in: CREATED
08-25 18:16:53.581  6779  6779 V ActivityScenario: Activity lifecycle changed event received but ignored because the intent does not match. startActivityIntent=Intent { act=android.intent.action.MAIN cat=[android.intent.category.LAUNCHER] cmp=com.example.dogglers/.MainActivity }, activity.getIntent()=Intent { act=android.intent.action.MAIN cat=[android.intent.category.LAUNCHER] flg=0x10000000 cmp=com.example.dogglers/androidx.test.core.app.InstrumentationActivityInvoker$EmptyActivity }, activity=androidx.test.core.app.InstrumentationActivityInvoker$EmptyActivity@949cabc
08-25 18:16:53.582  6779  6779 D LifecycleMonitor: Lifecycle status change: androidx.test.core.app.InstrumentationActivityInvoker$EmptyActivity@949cabc in: STARTED
08-25 18:16:53.584  6779  6779 V ActivityScenario: Activity lifecycle changed event received but ignored because the intent does not match. startActivityIntent=Intent { act=android.intent.action.MAIN cat=[android.intent.category.LAUNCHER] cmp=com.example.dogglers/.MainActivity }, activity.getIntent()=Intent { act=android.intent.action.MAIN cat=[android.intent.category.LAUNCHER] flg=0x10000000 cmp=com.example.dogglers/androidx.test.core.app.InstrumentationActivityInvoker$EmptyActivity }, activity=androidx.test.core.app.InstrumentationActivityInvoker$EmptyActivity@949cabc
08-25 18:16:53.589  6779  6779 D LifecycleMonitor: Lifecycle status change: androidx.test.core.app.InstrumentationActivityInvoker$EmptyActivity@949cabc in: RESUMED
08-25 18:16:53.589  6779  6779 V ActivityScenario: Activity lifecycle changed event received but ignored because the intent does not match. startActivityIntent=Intent { act=android.intent.action.MAIN cat=[android.intent.category.LAUNCHER] cmp=com.example.dogglers/.MainActivity }, activity.getIntent()=Intent { act=android.intent.action.MAIN cat=[android.intent.category.LAUNCHER] flg=0x10000000 cmp=com.example.dogglers/androidx.test.core.app.InstrumentationActivityInvoker$EmptyActivity }, activity=androidx.test.core.app.InstrumentationActivityInvoker$EmptyActivity@949cabc
08-25 18:16:53.610  1438  1438 D SurfaceFlinger: duplicate layer name: changing com.example.dogglers/androidx.test.core.app.InstrumentationActivityInvoker$EmptyActivity to com.example.dogglers/androidx.test.core.app.InstrumentationActivityInvoker$EmptyActivity#1
08-25 18:16:53.615  1428  1428 D gralloc_ranchu: gralloc_alloc: Creating ashmem region of size 7675904
08-25 18:16:53.616  1428  1428 I chatty  : uid=1000(system) allocator@2.0-s identical 1 line
08-25 18:16:53.619  1428  1428 D gralloc_ranchu: gralloc_alloc: Creating ashmem region of size 7675904
08-25 18:16:53.624 21622 21622 I GoogleInputMethodService: GoogleInputMethodService.onFinishInput():3228
08-25 18:16:53.624 21622 21622 I GoogleInputMethodService: GoogleInputMethodService.updateDeviceLockedStatus():2068 repeatCheckTimes = 0, locked = false
08-25 18:16:53.624 21622 21622 I GoogleInputMethodService: GoogleInputMethodService.onStartInput():1862 onStartInput(EditorInfo{EditorInfo{packageName=com.example.dogglers, inputType=0, inputTypeString=NULL, enableLearning=false, autoCorrection=false, autoComplete=false, imeOptions=0, privateImeOptions=null, actionName=UNSPECIFIED, actionLabel=null, initialSelStart=-1, initialSelEnd=-1, initialCapsMode=0, label=null, fieldId=-1, fieldName=null, extras=null, hintText=null, hintLocales=[]}}, false)
08-25 18:16:53.625 21622 21622 I GoogleInputMethodService: GoogleInputMethodService.updateDeviceLockedStatus():2068 repeatCheckTimes = 1, locked = false
08-25 18:16:53.626  6779  6797 D EGL_emulation: eglMakeCurrent: 0x9ba05240: ver 3 0 (tinfo 0x9ba032e0)
08-25 18:16:53.646  1676  1697 I ActivityManager: Displayed com.example.dogglers/androidx.test.core.app.InstrumentationActivityInvoker$EmptyActivity: +77ms (total +155ms)
08-25 18:16:53.660  6779  6779 D LifecycleMonitor: Lifecycle status change: androidx.test.core.app.InstrumentationActivityInvoker$EmptyActivity@92baeb6 in: STOPPED
08-25 18:16:53.660  6779  6779 V ActivityScenario: Activity lifecycle changed event received but ignored because the intent does not match. startActivityIntent=Intent { act=android.intent.action.MAIN cat=[android.intent.category.LAUNCHER] cmp=com.example.dogglers/.MainActivity }, activity.getIntent()=Intent { act=android.intent.action.MAIN cat=[android.intent.category.LAUNCHER] flg=0x10000000 cmp=com.example.dogglers/androidx.test.core.app.InstrumentationActivityInvoker$EmptyActivity }, activity=androidx.test.core.app.InstrumentationActivityInvoker$EmptyActivity@92baeb6
08-25 18:16:53.661  6779  6779 D LifecycleMonitor: Lifecycle status change: androidx.test.core.app.InstrumentationActivityInvoker$EmptyActivity@92baeb6 in: DESTROYED
08-25 18:16:53.661  6779  6779 V ActivityScenario: Activity lifecycle changed event received but ignored because the intent does not match. startActivityIntent=Intent { act=android.intent.action.MAIN cat=[android.intent.category.LAUNCHER] cmp=com.example.dogglers/.MainActivity }, activity.getIntent()=Intent { act=android.intent.action.MAIN cat=[android.intent.category.LAUNCHER] flg=0x10000000 cmp=com.example.dogglers/androidx.test.core.app.InstrumentationActivityInvoker$EmptyActivity }, activity=androidx.test.core.app.InstrumentationActivityInvoker$EmptyActivity@92baeb6
08-25 18:16:53.674  6779  6779 D LifecycleMonitor: Lifecycle status change: com.example.dogglers.VerticalListActivity@3257ab8 in: STOPPED
08-25 18:16:53.674  6779  6779 V ActivityScenario: Activity lifecycle changed event received but ignored because the intent does not match. startActivityIntent=Intent { act=android.intent.action.MAIN cat=[android.intent.category.LAUNCHER] cmp=com.example.dogglers/.MainActivity }, activity.getIntent()=Intent { cmp=com.example.dogglers/.VerticalListActivity }, activity=com.example.dogglers.VerticalListActivity@3257ab8
08-25 18:16:53.676  6779  6779 D LifecycleMonitor: Lifecycle status change: androidx.test.core.app.InstrumentationActivityInvoker$EmptyActivity@949cabc in: PAUSED
08-25 18:16:53.677  6779  6779 V ActivityScenario: Activity lifecycle changed event received but ignored because the intent does not match. startActivityIntent=Intent { act=android.intent.action.MAIN cat=[android.intent.category.LAUNCHER] cmp=com.example.dogglers/.MainActivity }, activity.getIntent()=Intent { act=android.intent.action.MAIN cat=[android.intent.category.LAUNCHER] flg=0x10000000 cmp=com.example.dogglers/androidx.test.core.app.InstrumentationActivityInvoker$EmptyActivity }, activity=androidx.test.core.app.InstrumentationActivityInvoker$EmptyActivity@949cabc
08-25 18:16:53.693  6779  6779 D LifecycleMonitor: Lifecycle status change: com.example.dogglers.VerticalListActivity@3257ab8 in: RESTARTED
08-25 18:16:53.693  6779  6779 V ActivityScenario: Activity lifecycle changed event received but ignored because the intent does not match. startActivityIntent=Intent { act=android.intent.action.MAIN cat=[android.intent.category.LAUNCHER] cmp=com.example.dogglers/.MainActivity }, activity.getIntent()=Intent { cmp=com.example.dogglers/.VerticalListActivity }, activity=com.example.dogglers.VerticalListActivity@3257ab8
08-25 18:16:53.694  6779  6779 D LifecycleMonitor: Lifecycle status change: com.example.dogglers.VerticalListActivity@3257ab8 in: STARTED
08-25 18:16:53.695  6779  6779 V ActivityScenario: Activity lifecycle changed event received but ignored because the intent does not match. startActivityIntent=Intent { act=android.intent.action.MAIN cat=[android.intent.category.LAUNCHER] cmp=com.example.dogglers/.MainActivity }, activity.getIntent()=Intent { cmp=com.example.dogglers/.VerticalListActivity }, activity=com.example.dogglers.VerticalListActivity@3257ab8
08-25 18:16:53.696  6779  6779 D LifecycleMonitor: Lifecycle status change: com.example.dogglers.VerticalListActivity@3257ab8 in: RESUMED
08-25 18:16:53.697  6779  6779 V ActivityScenario: Activity lifecycle changed event received but ignored because the intent does not match. startActivityIntent=Intent { act=android.intent.action.MAIN cat=[android.intent.category.LAUNCHER] cmp=com.example.dogglers/.MainActivity }, activity.getIntent()=Intent { cmp=com.example.dogglers/.VerticalListActivity }, activity=com.example.dogglers.VerticalListActivity@3257ab8
08-25 18:16:53.712  1428  1428 D gralloc_ranchu: gralloc_alloc: Creating ashmem region of size 8298496
08-25 18:16:53.716  1428  1428 I chatty  : uid=1000(system) allocator@2.0-s identical 1 line
08-25 18:16:53.718  1428  1428 D gralloc_ranchu: gralloc_alloc: Creating ashmem region of size 8298496
08-25 18:16:53.723  6779  6797 D EGL_emulation: eglMakeCurrent: 0x9ba05240: ver 3 0 (tinfo 0x9ba032e0)
08-25 18:16:53.742  6779  6797 D EGL_emulation: eglMakeCurrent: 0x9ba05240: ver 3 0 (tinfo 0x9ba032e0)
08-25 18:16:53.754  6779  6795 I TestRunner: finished: clicking_vertical_list_button_displays_vertical_list(com.example.dogglers.ButtonTests)
