08-25 18:17:00.597  6779  6795 I TestRunner: started: horizontal_scroll_content_at_last_position(com.example.dogglers.HorizontalListTests)
08-25 18:17:00.612  6779  6795 W Settings: Setting always_finish_activities has moved from android.provider.Settings.System to android.provider.Settings.Global, returning read-only value.
08-25 18:17:00.659  6779  6779 D LifecycleMonitor: Lifecycle status change: androidx.test.core.app.InstrumentationActivityInvoker$BootstrapActivity@6d7410c in: PRE_ON_CREATE
08-25 18:17:00.659  6779  6779 V ActivityScenario: Activity lifecycle changed event received but ignored because the intent does not match. startActivityIntent=Intent { act=android.intent.action.MAIN cat=[android.intent.category.LAUNCHER] cmp=com.example.dogglers/.HorizontalListActivity }, activity.getIntent()=Intent { act=android.intent.action.MAIN cat=[android.intent.category.LAUNCHER] flg=0x10008000 cmp=com.example.dogglers/androidx.test.core.app.InstrumentationActivityInvoker$BootstrapActivity (has extras) }, activity=androidx.test.core.app.InstrumentationActivityInvoker$BootstrapActivity@6d7410c
08-25 18:17:00.667  6779  6779 D LifecycleMonitor: Lifecycle status change: androidx.test.core.app.InstrumentationActivityInvoker$BootstrapActivity@6d7410c in: CREATED
08-25 18:17:00.668  6779  6779 V ActivityScenario: Activity lifecycle changed event received but ignored because the intent does not match. startActivityIntent=Intent { act=android.intent.action.MAIN cat=[android.intent.category.LAUNCHER] cmp=com.example.dogglers/.HorizontalListActivity }, activity.getIntent()=Intent { act=android.intent.action.MAIN cat=[android.intent.category.LAUNCHER] flg=0x10008000 cmp=com.example.dogglers/androidx.test.core.app.InstrumentationActivityInvoker$BootstrapActivity (has extras) }, activity=androidx.test.core.app.InstrumentationActivityInvoker$BootstrapActivity@6d7410c
08-25 18:17:00.670  6779  6779 D LifecycleMonitor: Lifecycle status change: androidx.test.core.app.InstrumentationActivityInvoker$BootstrapActivity@6d7410c in: STARTED
08-25 18:17:00.670  1428  1428 D gralloc_ranchu: gralloc_alloc: Creating ashmem region of size 7675904
08-25 18:17:00.670  6779  6779 V ActivityScenario: Activity lifecycle changed event received but ignored because the intent does not match. startActivityIntent=Intent { act=android.intent.action.MAIN cat=[android.intent.category.LAUNCHER] cmp=com.example.dogglers/.HorizontalListActivity }, activity.getIntent()=Intent { act=android.intent.action.MAIN cat=[android.intent.category.LAUNCHER] flg=0x10008000 cmp=com.example.dogglers/androidx.test.core.app.InstrumentationActivityInvoker$BootstrapActivity (has extras) }, activity=androidx.test.core.app.InstrumentationActivityInvoker$BootstrapActivity@6d7410c
08-25 18:17:00.681  6779  6779 D LifecycleMonitor: Lifecycle status change: androidx.test.core.app.InstrumentationActivityInvoker$BootstrapActivity@6d7410c in: RESUMED
08-25 18:17:00.681  6779  6779 V ActivityScenario: Activity lifecycle changed event received but ignored because the intent does not match. startActivityIntent=Intent { act=android.intent.action.MAIN cat=[android.intent.category.LAUNCHER] cmp=com.example.dogglers/.HorizontalListActivity }, activity.getIntent()=Intent { act=android.intent.action.MAIN cat=[android.intent.category.LAUNCHER] flg=0x10008000 cmp=com.example.dogglers/androidx.test.core.app.InstrumentationActivityInvoker$BootstrapActivity (has extras) }, activity=androidx.test.core.app.InstrumentationActivityInvoker$BootstrapActivity@6d7410c
08-25 18:17:00.682  6779  6779 D LifecycleMonitor: Lifecycle status change: androidx.test.core.app.InstrumentationActivityInvoker$BootstrapActivity@6d7410c in: PAUSED
08-25 18:17:00.682  6779  6779 V ActivityScenario: Activity lifecycle changed event received but ignored because the intent does not match. startActivityIntent=Intent { act=android.intent.action.MAIN cat=[android.intent.category.LAUNCHER] cmp=com.example.dogglers/.HorizontalListActivity }, activity.getIntent()=Intent { act=android.intent.action.MAIN cat=[android.intent.category.LAUNCHER] flg=0x10008000 cmp=com.example.dogglers/androidx.test.core.app.InstrumentationActivityInvoker$BootstrapActivity (has extras) }, activity=androidx.test.core.app.InstrumentationActivityInvoker$BootstrapActivity@6d7410c
08-25 18:17:00.705  6779  6779 D LifecycleMonitor: Lifecycle status change: com.example.dogglers.HorizontalListActivity@ae87536 in: PRE_ON_CREATE
08-25 18:17:00.706  6779  6779 V ActivityScenario: Activity lifecycle changed event received but ignored because the reported transition was not ON_CREATE while the last known transition was PRE_ON_CREATE
08-25 18:17:00.727  2351  2431 D EGL_emulation: eglMakeCurrent: 0x98dfc180: ver 3 0 (tinfo 0x98f74980)
08-25 18:17:00.733  2728 13915 D EGL_emulation: eglMakeCurrent: 0x98ffd840: ver 3 0 (tinfo 0x79a71660)
08-25 18:17:00.752 30865 30865 I GsaVoiceInteractionSrv: Handling ACTION_STOP_HOTWORD
08-25 18:17:00.754  6779  6779 D LifecycleMonitor: Lifecycle status change: com.example.dogglers.HorizontalListActivity@ae87536 in: CREATED
08-25 18:17:00.754  6779  6779 V ActivityScenario: Update currentActivityStage to CREATED, currentActivity=com.example.dogglers.HorizontalListActivity@ae87536
08-25 18:17:00.757 30865 30898 I HwDetectorWithState: (REDACTED) a: %d
08-25 18:17:00.758  6779  6779 D LifecycleMonitor: Lifecycle status change: com.example.dogglers.HorizontalListActivity@ae87536 in: STARTED
08-25 18:17:00.758  6779  6779 V ActivityScenario: Update currentActivityStage to STARTED, currentActivity=com.example.dogglers.HorizontalListActivity@ae87536
08-25 18:17:00.761  6779  6779 D LifecycleMonitor: Lifecycle status change: com.example.dogglers.HorizontalListActivity@ae87536 in: RESUMED
08-25 18:17:00.761  6779  6779 V ActivityScenario: Update currentActivityStage to RESUMED, currentActivity=com.example.dogglers.HorizontalListActivity@ae87536
08-25 18:17:00.835  1428  1428 D gralloc_ranchu: gralloc_alloc: Creating ashmem region of size 8298496
08-25 18:17:00.841  1428  1428 I chatty  : uid=1000(system) allocator@2.0-s identical 1 line
08-25 18:17:00.843  1428  1428 D gralloc_ranchu: gralloc_alloc: Creating ashmem region of size 8298496
08-25 18:17:00.878  6779  6797 D EGL_emulation: eglMakeCurrent: 0x9ba05240: ver 3 0 (tinfo 0x9ba032e0)
08-25 18:17:00.901 21622 21622 I GoogleInputMethodService: GoogleInputMethodService.onFinishInput():3228
08-25 18:17:00.901  1676  1697 I ActivityManager: Displayed com.example.dogglers/.HorizontalListActivity: +211ms (total +257ms)
08-25 18:17:00.902 21622 21622 I GoogleInputMethodService: GoogleInputMethodService.updateDeviceLockedStatus():2068 repeatCheckTimes = 0, locked = false
08-25 18:17:00.902 21622 21622 I GoogleInputMethodService: GoogleInputMethodService.onStartInput():1862 onStartInput(EditorInfo{EditorInfo{packageName=com.example.dogglers, inputType=0, inputTypeString=NULL, enableLearning=false, autoCorrection=false, autoComplete=false, imeOptions=0, privateImeOptions=null, actionName=UNSPECIFIED, actionLabel=null, initialSelStart=-1, initialSelEnd=-1, initialCapsMode=0, label=null, fieldId=2131230949, fieldName=null, extras=null, hintText=null, hintLocales=[]}}, false)
08-25 18:17:00.902 21622 21622 I GoogleInputMethodService: GoogleInputMethodService.updateDeviceLockedStatus():2068 repeatCheckTimes = 1, locked = false
08-25 18:17:00.918  6779  6779 I ViewInteraction: Performing 'scroll RecyclerView to position: 5' action on view view.getId() is <2131230949/com.example.dogglers:id/horizontal_recycler_view>
08-25 18:17:00.981  6779  6779 I ViewInteraction: Checking 'MatchesViewAssertion{viewMatcher=(view has effective visibility <VISIBLE> and view.getGlobalVisibleRect() to return non-empty rectangle)}' assertion on view an instance of android.widget.TextView and view.getText() with or without transformation to match: is "Bella"
08-25 18:17:00.987  6779  6779 D LifecycleMonitor: Lifecycle status change: androidx.test.core.app.InstrumentationActivityInvoker$BootstrapActivity@6d7410c in: STOPPED
08-25 18:17:00.988  6779  6779 V ActivityScenario: Activity lifecycle changed event received but ignored because the intent does not match. startActivityIntent=Intent { act=android.intent.action.MAIN cat=[android.intent.category.LAUNCHER] cmp=com.example.dogglers/.HorizontalListActivity }, activity.getIntent()=Intent { act=android.intent.action.MAIN cat=[android.intent.category.LAUNCHER] flg=0x10008000 cmp=com.example.dogglers/androidx.test.core.app.InstrumentationActivityInvoker$BootstrapActivity (has extras) }, activity=androidx.test.core.app.InstrumentationActivityInvoker$BootstrapActivity@6d7410c
08-25 18:17:00.992  2351  2431 W OpenGLRenderer: Incorrectly called buildLayer on View: ShortcutAndWidgetContainer, destroying layer...
08-25 18:17:00.998  6779  6779 D LifecycleMonitor: Lifecycle status change: com.example.dogglers.HorizontalListActivity@ae87536 in: PAUSED
08-25 18:17:00.999  6779  6779 V ActivityScenario: Update currentActivityStage to PAUSED, currentActivity=com.example.dogglers.HorizontalListActivity@ae87536
08-25 18:17:01.048  6779  6779 D LifecycleMonitor: Lifecycle status change: androidx.test.core.app.InstrumentationActivityInvoker$EmptyActivity@72cc7f7 in: PRE_ON_CREATE
08-25 18:17:01.049  6779  6779 V ActivityScenario: Activity lifecycle changed event received but ignored because the intent does not match. startActivityIntent=Intent { act=android.intent.action.MAIN cat=[android.intent.category.LAUNCHER] cmp=com.example.dogglers/.HorizontalListActivity }, activity.getIntent()=Intent { act=android.intent.action.MAIN cat=[android.intent.category.LAUNCHER] flg=0x10000000 cmp=com.example.dogglers/androidx.test.core.app.InstrumentationActivityInvoker$EmptyActivity }, activity=androidx.test.core.app.InstrumentationActivityInvoker$EmptyActivity@72cc7f7
08-25 18:17:01.060  6779  6779 D LifecycleMonitor: Lifecycle status change: androidx.test.core.app.InstrumentationActivityInvoker$EmptyActivity@72cc7f7 in: CREATED
08-25 18:17:01.061  6779  6779 V ActivityScenario: Activity lifecycle changed event received but ignored because the intent does not match. startActivityIntent=Intent { act=android.intent.action.MAIN cat=[android.intent.category.LAUNCHER] cmp=com.example.dogglers/.HorizontalListActivity }, activity.getIntent()=Intent { act=android.intent.action.MAIN cat=[android.intent.category.LAUNCHER] flg=0x10000000 cmp=com.example.dogglers/androidx.test.core.app.InstrumentationActivityInvoker$EmptyActivity }, activity=androidx.test.core.app.InstrumentationActivityInvoker$EmptyActivity@72cc7f7
08-25 18:17:01.063  6779  6779 D LifecycleMonitor: Lifecycle status change: androidx.test.core.app.InstrumentationActivityInvoker$EmptyActivity@72cc7f7 in: STARTED
08-25 18:17:01.063  6779  6779 V ActivityScenario: Activity lifecycle changed event received but ignored because the intent does not match. startActivityIntent=Intent { act=android.intent.action.MAIN cat=[android.intent.category.LAUNCHER] cmp=com.example.dogglers/.HorizontalListActivity }, activity.getIntent()=Intent { act=android.intent.action.MAIN cat=[android.intent.category.LAUNCHER] flg=0x10000000 cmp=com.example.dogglers/androidx.test.core.app.InstrumentationActivityInvoker$EmptyActivity }, activity=androidx.test.core.app.InstrumentationActivityInvoker$EmptyActivity@72cc7f7
08-25 18:17:01.071  6779  6779 D LifecycleMonitor: Lifecycle status change: androidx.test.core.app.InstrumentationActivityInvoker$EmptyActivity@72cc7f7 in: RESUMED
08-25 18:17:01.072  6779  6779 V ActivityScenario: Activity lifecycle changed event received but ignored because the intent does not match. startActivityIntent=Intent { act=android.intent.action.MAIN cat=[android.intent.category.LAUNCHER] cmp=com.example.dogglers/.HorizontalListActivity }, activity.getIntent()=Intent { act=android.intent.action.MAIN cat=[android.intent.category.LAUNCHER] flg=0x10000000 cmp=com.example.dogglers/androidx.test.core.app.InstrumentationActivityInvoker$EmptyActivity }, activity=androidx.test.core.app.InstrumentationActivityInvoker$EmptyActivity@72cc7f7
08-25 18:17:01.122  1428  1428 D gralloc_ranchu: gralloc_alloc: Creating ashmem region of size 7675904
08-25 18:17:01.128  1428  1428 I chatty  : uid=1000(system) allocator@2.0-s identical 1 line
08-25 18:17:01.130  1428  1428 D gralloc_ranchu: gralloc_alloc: Creating ashmem region of size 7675904
08-25 18:17:01.147 21622 21622 I GoogleInputMethodService: GoogleInputMethodService.onFinishInput():3228
08-25 18:17:01.149  6779  6797 D EGL_emulation: eglMakeCurrent: 0x9ba05240: ver 3 0 (tinfo 0x9ba032e0)
08-25 18:17:01.150 21622 21622 I GoogleInputMethodService: GoogleInputMethodService.updateDeviceLockedStatus():2068 repeatCheckTimes = 0, locked = false
08-25 18:17:01.150 21622 21622 I GoogleInputMethodService: GoogleInputMethodService.onStartInput():1862 onStartInput(EditorInfo{EditorInfo{packageName=com.example.dogglers, inputType=0, inputTypeString=NULL, enableLearning=false, autoCorrection=false, autoComplete=false, imeOptions=0, privateImeOptions=null, actionName=UNSPECIFIED, actionLabel=null, initialSelStart=-1, initialSelEnd=-1, initialCapsMode=0, label=null, fieldId=-1, fieldName=null, extras=null, hintText=null, hintLocales=[]}}, false)
08-25 18:17:01.153 21622 21622 I GoogleInputMethodService: GoogleInputMethodService.updateDeviceLockedStatus():2068 repeatCheckTimes = 1, locked = false
08-25 18:17:01.172  1676  1697 I ActivityManager: Displayed com.example.dogglers/androidx.test.core.app.InstrumentationActivityInvoker$EmptyActivity: +147ms
08-25 18:17:01.202  6779  6779 D LifecycleMonitor: Lifecycle status change: androidx.test.core.app.InstrumentationActivityInvoker$EmptyActivity@72cc7f7 in: PAUSED
08-25 18:17:01.202  6779  6779 V ActivityScenario: Activity lifecycle changed event received but ignored because the intent does not match. startActivityIntent=Intent { act=android.intent.action.MAIN cat=[android.intent.category.LAUNCHER] cmp=com.example.dogglers/.HorizontalListActivity }, activity.getIntent()=Intent { act=android.intent.action.MAIN cat=[android.intent.category.LAUNCHER] flg=0x10000000 cmp=com.example.dogglers/androidx.test.core.app.InstrumentationActivityInvoker$EmptyActivity }, activity=androidx.test.core.app.InstrumentationActivityInvoker$EmptyActivity@72cc7f7
08-25 18:17:01.214  6779  6779 D LifecycleMonitor: Lifecycle status change: androidx.test.core.app.InstrumentationActivityInvoker$BootstrapActivity@6d7410c in: DESTROYED
08-25 18:17:01.215  6779  6779 V ActivityScenario: Activity lifecycle changed event received but ignored because the intent does not match. startActivityIntent=Intent { act=android.intent.action.MAIN cat=[android.intent.category.LAUNCHER] cmp=com.example.dogglers/.HorizontalListActivity }, activity.getIntent()=Intent { act=android.intent.action.MAIN cat=[android.intent.category.LAUNCHER] flg=0x10008000 cmp=com.example.dogglers/androidx.test.core.app.InstrumentationActivityInvoker$BootstrapActivity (has extras) }, activity=androidx.test.core.app.InstrumentationActivityInvoker$BootstrapActivity@6d7410c
08-25 18:17:01.221  6779  6779 D LifecycleMonitor: Lifecycle status change: androidx.test.core.app.InstrumentationActivityInvoker$EmptyActivity@1e68cc9 in: PRE_ON_CREATE
08-25 18:17:01.222  6779  6779 V ActivityScenario: Activity lifecycle changed event received but ignored because the intent does not match. startActivityIntent=Intent { act=android.intent.action.MAIN cat=[android.intent.category.LAUNCHER] cmp=com.example.dogglers/.HorizontalListActivity }, activity.getIntent()=Intent { act=android.intent.action.MAIN cat=[android.intent.category.LAUNCHER] flg=0x10000000 cmp=com.example.dogglers/androidx.test.core.app.InstrumentationActivityInvoker$EmptyActivity }, activity=androidx.test.core.app.InstrumentationActivityInvoker$EmptyActivity@1e68cc9
08-25 18:17:01.231  6779  6779 D LifecycleMonitor: Lifecycle status change: androidx.test.core.app.InstrumentationActivityInvoker$EmptyActivity@1e68cc9 in: CREATED
08-25 18:17:01.232  6779  6779 V ActivityScenario: Activity lifecycle changed event received but ignored because the intent does not match. startActivityIntent=Intent { act=android.intent.action.MAIN cat=[android.intent.category.LAUNCHER] cmp=com.example.dogglers/.HorizontalListActivity }, activity.getIntent()=Intent { act=android.intent.action.MAIN cat=[android.intent.category.LAUNCHER] flg=0x10000000 cmp=com.example.dogglers/androidx.test.core.app.InstrumentationActivityInvoker$EmptyActivity }, activity=androidx.test.core.app.InstrumentationActivityInvoker$EmptyActivity@1e68cc9
08-25 18:17:01.232  6779  6779 D LifecycleMonitor: Lifecycle status change: androidx.test.core.app.InstrumentationActivityInvoker$EmptyActivity@1e68cc9 in: STARTED
08-25 18:17:01.233  6779  6779 V ActivityScenario: Activity lifecycle changed event received but ignored because the intent does not match. startActivityIntent=Intent { act=android.intent.action.MAIN cat=[android.intent.category.LAUNCHER] cmp=com.example.dogglers/.HorizontalListActivity }, activity.getIntent()=Intent { act=android.intent.action.MAIN cat=[android.intent.category.LAUNCHER] flg=0x10000000 cmp=com.example.dogglers/androidx.test.core.app.InstrumentationActivityInvoker$EmptyActivity }, activity=androidx.test.core.app.InstrumentationActivityInvoker$EmptyActivity@1e68cc9
08-25 18:17:01.236  6779  6779 D LifecycleMonitor: Lifecycle status change: androidx.test.core.app.InstrumentationActivityInvoker$EmptyActivity@1e68cc9 in: RESUMED
08-25 18:17:01.237  6779  6779 V ActivityScenario: Activity lifecycle changed event received but ignored because the intent does not match. startActivityIntent=Intent { act=android.intent.action.MAIN cat=[android.intent.category.LAUNCHER] cmp=com.example.dogglers/.HorizontalListActivity }, activity.getIntent()=Intent { act=android.intent.action.MAIN cat=[android.intent.category.LAUNCHER] flg=0x10000000 cmp=com.example.dogglers/androidx.test.core.app.InstrumentationActivityInvoker$EmptyActivity }, activity=androidx.test.core.app.InstrumentationActivityInvoker$EmptyActivity@1e68cc9
08-25 18:17:01.249  6779  6779 D LifecycleMonitor: Lifecycle status change: com.example.dogglers.HorizontalListActivity@ae87536 in: STOPPED
08-25 18:17:01.250  6779  6779 V ActivityScenario: Update currentActivityStage to STOPPED, currentActivity=com.example.dogglers.HorizontalListActivity@ae87536
08-25 18:17:01.252  6779  6779 D LifecycleMonitor: Lifecycle status change: com.example.dogglers.HorizontalListActivity@ae87536 in: DESTROYED
08-25 18:17:01.252  6779  6779 V ActivityScenario: Update currentActivityStage to DESTROYED, currentActivity=null
08-25 18:17:01.266  1438  1438 D SurfaceFlinger: duplicate layer name: changing com.example.dogglers/androidx.test.core.app.InstrumentationActivityInvoker$EmptyActivity to com.example.dogglers/androidx.test.core.app.InstrumentationActivityInvoker$EmptyActivity#1
08-25 18:17:01.278  1428  1428 D gralloc_ranchu: gralloc_alloc: Creating ashmem region of size 7675904
08-25 18:17:01.280  1428  1428 I chatty  : uid=1000(system) allocator@2.0-s identical 1 line
08-25 18:17:01.284  1428  1428 D gralloc_ranchu: gralloc_alloc: Creating ashmem region of size 7675904
08-25 18:17:01.297 21622 21622 I GoogleInputMethodService: GoogleInputMethodService.onFinishInput():3228
08-25 18:17:01.298 21622 21622 I GoogleInputMethodService: GoogleInputMethodService.updateDeviceLockedStatus():2068 repeatCheckTimes = 0, locked = false
08-25 18:17:01.298 21622 21622 I GoogleInputMethodService: GoogleInputMethodService.onStartInput():1862 onStartInput(EditorInfo{EditorInfo{packageName=com.example.dogglers, inputType=0, inputTypeString=NULL, enableLearning=false, autoCorrection=false, autoComplete=false, imeOptions=0, privateImeOptions=null, actionName=UNSPECIFIED, actionLabel=null, initialSelStart=-1, initialSelEnd=-1, initialCapsMode=0, label=null, fieldId=-1, fieldName=null, extras=null, hintText=null, hintLocales=[]}}, false)
08-25 18:17:01.299 21622 21622 I GoogleInputMethodService: GoogleInputMethodService.updateDeviceLockedStatus():2068 repeatCheckTimes = 1, locked = false
08-25 18:17:01.306  6779  6797 D EGL_emulation: eglMakeCurrent: 0x9ba05240: ver 3 0 (tinfo 0x9ba032e0)
08-25 18:17:01.326  1676  1697 I ActivityManager: Displayed com.example.dogglers/androidx.test.core.app.InstrumentationActivityInvoker$EmptyActivity: +114ms
08-25 18:17:01.340  6779  6779 D LifecycleMonitor: Lifecycle status change: androidx.test.core.app.InstrumentationActivityInvoker$EmptyActivity@1e68cc9 in: PAUSED
08-25 18:17:01.340  6779  6779 V ActivityScenario: Activity lifecycle changed event received but ignored because the intent does not match. startActivityIntent=Intent { act=android.intent.action.MAIN cat=[android.intent.category.LAUNCHER] cmp=com.example.dogglers/.HorizontalListActivity }, activity.getIntent()=Intent { act=android.intent.action.MAIN cat=[android.intent.category.LAUNCHER] flg=0x10000000 cmp=com.example.dogglers/androidx.test.core.app.InstrumentationActivityInvoker$EmptyActivity }, activity=androidx.test.core.app.InstrumentationActivityInvoker$EmptyActivity@1e68cc9
08-25 18:17:01.356  1428  1428 D gralloc_ranchu: gralloc_alloc: Creating ashmem region of size 8298496
08-25 18:17:01.360  1428  1428 I chatty  : uid=1000(system) allocator@2.0-s identical 1 line
08-25 18:17:01.364  1428  1428 D gralloc_ranchu: gralloc_alloc: Creating ashmem region of size 8298496
08-25 18:17:01.386  2728 13915 D EGL_emulation: eglMakeCurrent: 0x98ffd840: ver 3 0 (tinfo 0x79a71660)
08-25 18:17:01.392  1438  1438 D SurfaceFlinger: duplicate layer name: changing com.google.android.apps.nexuslauncher/com.google.android.apps.nexuslauncher.NexusLauncherActivity to com.google.android.apps.nexuslauncher/com.google.android.apps.nexuslauncher.NexusLauncherActivity#1
08-25 18:17:01.399  1428  1428 D gralloc_ranchu: gralloc_alloc: Creating ashmem region of size 8298496
08-25 18:17:01.402 30865 30865 I GsaVoiceInteractionSrv: Handling ACTION_START_HOTWORD
08-25 18:17:01.403 30865 30897 I GsaVoiceInteractionSrv: (REDACTED) disregardHotwordSetting: %b
08-25 18:17:01.403 30865 30897 I GsaVoiceInteractionSrv: Cannot start hotword, hotword has been explicitly disabled.
08-25 18:17:01.403  1428  1428 D gralloc_ranchu: gralloc_alloc: Creating ashmem region of size 8298496
08-25 18:17:01.405  1428  1428 D gralloc_ranchu: gralloc_alloc: Creating ashmem region of size 8298496
08-25 18:17:01.406  6779  6779 D LifecycleMonitor: Lifecycle status change: androidx.test.core.app.InstrumentationActivityInvoker$EmptyActivity@72cc7f7 in: STOPPED
08-25 18:17:01.407  6779  6779 V ActivityScenario: Activity lifecycle changed event received but ignored because the intent does not match. startActivityIntent=Intent { act=android.intent.action.MAIN cat=[android.intent.category.LAUNCHER] cmp=com.example.dogglers/.HorizontalListActivity }, activity.getIntent()=Intent { act=android.intent.action.MAIN cat=[android.intent.category.LAUNCHER] flg=0x10000000 cmp=com.example.dogglers/androidx.test.core.app.InstrumentationActivityInvoker$EmptyActivity }, activity=androidx.test.core.app.InstrumentationActivityInvoker$EmptyActivity@72cc7f7
08-25 18:17:01.409  6779  6779 D LifecycleMonitor: Lifecycle status change: androidx.test.core.app.InstrumentationActivityInvoker$EmptyActivity@72cc7f7 in: DESTROYED
08-25 18:17:01.410  6779  6779 V ActivityScenario: Activity lifecycle changed event received but ignored because the intent does not match. startActivityIntent=Intent { act=android.intent.action.MAIN cat=[android.intent.category.LAUNCHER] cmp=com.example.dogglers/.HorizontalListActivity }, activity.getIntent()=Intent { act=android.intent.action.MAIN cat=[android.intent.category.LAUNCHER] flg=0x10000000 cmp=com.example.dogglers/androidx.test.core.app.InstrumentationActivityInvoker$EmptyActivity }, activity=androidx.test.core.app.InstrumentationActivityInvoker$EmptyActivity@72cc7f7
08-25 18:17:01.422  6779  6795 I TestRunner: finished: horizontal_scroll_content_at_last_position(com.example.dogglers.HorizontalListTests)
