08-25 18:17:04.547  6779  6795 I TestRunner: started: vertical_scroll_content_at_first_position(com.example.dogglers.VerticalListTests)
08-25 18:17:04.556  6779  6795 W Settings: Setting always_finish_activities has moved from android.provider.Settings.System to android.provider.Settings.Global, returning read-only value.
08-25 18:17:04.593  1428  1428 D gralloc_ranchu: gralloc_alloc: Creating ashmem region of size 7675904
08-25 18:17:04.604  6779  6779 D LifecycleMonitor: Lifecycle status change: androidx.test.core.app.InstrumentationActivityInvoker$BootstrapActivity@aec04d5 in: PRE_ON_CREATE
08-25 18:17:04.604  6779  6779 V ActivityScenario: Activity lifecycle changed event received but ignored because the intent does not match. startActivityIntent=Intent { act=android.intent.action.MAIN cat=[android.intent.category.LAUNCHER] cmp=com.example.dogglers/.VerticalListActivity }, activity.getIntent()=Intent { act=android.intent.action.MAIN cat=[android.intent.category.LAUNCHER] flg=0x10008000 cmp=com.example.dogglers/androidx.test.core.app.InstrumentationActivityInvoker$BootstrapActivity (has extras) }, activity=androidx.test.core.app.InstrumentationActivityInvoker$BootstrapActivity@aec04d5
08-25 18:17:04.612  6779  6779 D LifecycleMonitor: Lifecycle status change: androidx.test.core.app.InstrumentationActivityInvoker$BootstrapActivity@aec04d5 in: CREATED
08-25 18:17:04.612  6779  6779 V ActivityScenario: Activity lifecycle changed event received but ignored because the intent does not match. startActivityIntent=Intent { act=android.intent.action.MAIN cat=[android.intent.category.LAUNCHER] cmp=com.example.dogglers/.VerticalListActivity }, activity.getIntent()=Intent { act=android.intent.action.MAIN cat=[android.intent.category.LAUNCHER] flg=0x10008000 cmp=com.example.dogglers/androidx.test.core.app.InstrumentationActivityInvoker$BootstrapActivity (has extras) }, activity=androidx.test.core.app.InstrumentationActivityInvoker$BootstrapActivity@aec04d5
08-25 18:17:04.613  6779  6779 D LifecycleMonitor: Lifecycle status change: androidx.test.core.app.InstrumentationActivityInvoker$BootstrapActivity@aec04d5 in: STARTED
08-25 18:17:04.613  6779  6779 V ActivityScenario: Activity lifecycle changed event received but ignored because the intent does not match. startActivityIntent=Intent { act=android.intent.action.MAIN cat=[android.intent.category.LAUNCHER] cmp=com.example.dogglers/.VerticalListActivity }, activity.getIntent()=Intent { act=android.intent.action.MAIN cat=[android.intent.category.LAUNCHER] flg=0x10008000 cmp=com.example.dogglers/androidx.test.core.app.InstrumentationActivityInvoker$BootstrapActivity (has extras) }, activity=androidx.test.core.app.InstrumentationActivityInvoker$BootstrapActivity@aec04d5
08-25 18:17:04.620  6779  6779 D LifecycleMonitor: Lifecycle status change: androidx.test.core.app.InstrumentationActivityInvoker$BootstrapActivity@aec04d5 in: RESUMED
08-25 18:17:04.620  6779  6779 V ActivityScenario: Activity lifecycle changed event received but ignored because the intent does not match. startActivityIntent=Intent { act=android.intent.action.MAIN cat=[android.intent.category.LAUNCHER] cmp=com.example.dogglers/.VerticalListActivity }, activity.getIntent()=Intent { act=android.intent.action.MAIN cat=[android.intent.category.LAUNCHER] flg=0x10008000 cmp=com.example.dogglers/androidx.test.core.app.InstrumentationActivityInvoker$BootstrapActivity (has extras) }, activity=androidx.test.core.app.InstrumentationActivityInvoker$BootstrapActivity@aec04d5
08-25 18:17:04.621  6779  6779 D LifecycleMonitor: Lifecycle status change: androidx.test.core.app.InstrumentationActivityInvoker$BootstrapActivity@aec04d5 in: PAUSED
08-25 18:17:04.622  6779  6779 V ActivityScenario: Activity lifecycle changed event received but ignored because the intent does not match. startActivityIntent=Intent { act=android.intent.action.MAIN cat=[android.intent.category.LAUNCHER] cmp=com.example.dogglers/.VerticalListActivity }, activity.getIntent()=Intent { act=android.intent.action.MAIN cat=[android.intent.category.LAUNCHER] flg=0x10008000 cmp=com.example.dogglers/androidx.test.core.app.InstrumentationActivityInvoker$BootstrapActivity (has extras) }, activity=androidx.test.core.app.InstrumentationActivityInvoker$BootstrapActivity@aec04d5
08-25 18:17:04.642  2728 13915 D EGL_emulation: eglMakeCurrent: 0x98ffd840: ver 3 0 (tinfo 0x79a71660)
08-25 18:17:04.642  2351  2431 D EGL_emulation: eglMakeCurrent: 0x98dfc180: ver 3 0 (tinfo 0x98f74980)
08-25 18:17:04.662  6779  6779 D LifecycleMonitor: Lifecycle status change: com.example.dogglers.VerticalListActivity@d6032b7 in: PRE_ON_CREATE
08-25 18:17:04.662  6779  6779 V ActivityScenario: Activity lifecycle changed event received but ignored because the reported transition was not ON_CREATE while the last known transition was PRE_ON_CREATE
08-25 18:17:04.679 30865 30865 I GsaVoiceInteractionSrv: Handling ACTION_STOP_HOTWORD
08-25 18:17:04.680 30865 30898 I HwDetectorWithState: (REDACTED) a: %d
08-25 18:17:04.682  6779  6779 D LifecycleMonitor: Lifecycle status change: com.example.dogglers.VerticalListActivity@d6032b7 in: CREATED
08-25 18:17:04.682  6779  6779 V ActivityScenario: Update currentActivityStage to CREATED, currentActivity=com.example.dogglers.VerticalListActivity@d6032b7
08-25 18:17:04.683  6779  6779 D LifecycleMonitor: Lifecycle status change: com.example.dogglers.VerticalListActivity@d6032b7 in: STARTED
08-25 18:17:04.683  6779  6779 V ActivityScenario: Update currentActivityStage to STARTED, currentActivity=com.example.dogglers.VerticalListActivity@d6032b7
08-25 18:17:04.687  6779  6779 D LifecycleMonitor: Lifecycle status change: com.example.dogglers.VerticalListActivity@d6032b7 in: RESUMED
08-25 18:17:04.688  6779  6779 V ActivityScenario: Update currentActivityStage to RESUMED, currentActivity=com.example.dogglers.VerticalListActivity@d6032b7
08-25 18:17:04.724  1428  1428 D gralloc_ranchu: gralloc_alloc: Creating ashmem region of size 8298496
08-25 18:17:04.727  1428  1428 I chatty  : uid=1000(system) allocator@2.0-s identical 1 line
08-25 18:17:04.728  1428  1428 D gralloc_ranchu: gralloc_alloc: Creating ashmem region of size 8298496
08-25 18:17:04.771 21622 21622 I GoogleInputMethodService: GoogleInputMethodService.onFinishInput():3228
08-25 18:17:04.771 21622 21622 I GoogleInputMethodService: GoogleInputMethodService.updateDeviceLockedStatus():2068 repeatCheckTimes = 0, locked = false
08-25 18:17:04.772 21622 21622 I GoogleInputMethodService: GoogleInputMethodService.onStartInput():1862 onStartInput(EditorInfo{EditorInfo{packageName=com.example.dogglers, inputType=0, inputTypeString=NULL, enableLearning=false, autoCorrection=false, autoComplete=false, imeOptions=0, privateImeOptions=null, actionName=UNSPECIFIED, actionLabel=null, initialSelStart=-1, initialSelEnd=-1, initialCapsMode=0, label=null, fieldId=2131231206, fieldName=null, extras=null, hintText=null, hintLocales=[]}}, false)
08-25 18:17:04.772 21622 21622 I GoogleInputMethodService: GoogleInputMethodService.updateDeviceLockedStatus():2068 repeatCheckTimes = 1, locked = false
08-25 18:17:04.785  6779  6797 D EGL_emulation: eglMakeCurrent: 0x9ba05240: ver 3 0 (tinfo 0x9ba032e0)
08-25 18:17:04.800  1676  1697 I ActivityManager: Displayed com.example.dogglers/.VerticalListActivity: +173ms (total +209ms)
08-25 18:17:04.802  6779  6779 I ViewInteraction: Checking 'MatchesViewAssertion{viewMatcher=(view has effective visibility <VISIBLE> and view.getGlobalVisibleRect() to return non-empty rectangle)}' assertion on view an instance of android.widget.TextView and view.getText() with or without transformation to match: is "Tzeitel"
08-25 18:17:04.809  6779  6779 I ViewInteraction: Checking 'MatchesViewAssertion{viewMatcher=(view has effective visibility <VISIBLE> and view.getGlobalVisibleRect() to return non-empty rectangle)}' assertion on view an instance of android.widget.TextView and view.getText() with or without transformation to match: is "Age: 7"
08-25 18:17:04.813  6779  6779 D LifecycleMonitor: Lifecycle status change: androidx.test.core.app.InstrumentationActivityInvoker$BootstrapActivity@aec04d5 in: STOPPED
08-25 18:17:04.813  6779  6779 V ActivityScenario: Activity lifecycle changed event received but ignored because the intent does not match. startActivityIntent=Intent { act=android.intent.action.MAIN cat=[android.intent.category.LAUNCHER] cmp=com.example.dogglers/.VerticalListActivity }, activity.getIntent()=Intent { act=android.intent.action.MAIN cat=[android.intent.category.LAUNCHER] flg=0x10008000 cmp=com.example.dogglers/androidx.test.core.app.InstrumentationActivityInvoker$BootstrapActivity (has extras) }, activity=androidx.test.core.app.InstrumentationActivityInvoker$BootstrapActivity@aec04d5
08-25 18:17:04.817  6779  6779 I ViewInteraction: Checking 'MatchesViewAssertion{viewMatcher=(view has effective visibility <VISIBLE> and view.getGlobalVisibleRect() to return non-empty rectangle)}' assertion on view an instance of android.widget.TextView and view.getText() with or without transformation to match: is "Hobbies: sunbathing"
08-25 18:17:04.916  6779  6779 I ViewInteraction: Checking 'MatchesViewAssertion{viewMatcher=(view has effective visibility <VISIBLE> and view.getGlobalVisibleRect() to return non-empty rectangle)}' assertion on view has drawable resource 2131165345
08-25 18:17:04.926  6779  6779 D LifecycleMonitor: Lifecycle status change: com.example.dogglers.VerticalListActivity@d6032b7 in: PAUSED
08-25 18:17:04.926  6779  6779 V ActivityScenario: Update currentActivityStage to PAUSED, currentActivity=com.example.dogglers.VerticalListActivity@d6032b7
08-25 18:17:04.935  6779  6779 D LifecycleMonitor: Lifecycle status change: androidx.test.core.app.InstrumentationActivityInvoker$EmptyActivity@f0dfb13 in: PRE_ON_CREATE
08-25 18:17:04.936  6779  6779 V ActivityScenario: Activity lifecycle changed event received but ignored because the intent does not match. startActivityIntent=Intent { act=android.intent.action.MAIN cat=[android.intent.category.LAUNCHER] cmp=com.example.dogglers/.VerticalListActivity }, activity.getIntent()=Intent { act=android.intent.action.MAIN cat=[android.intent.category.LAUNCHER] flg=0x10000000 cmp=com.example.dogglers/androidx.test.core.app.InstrumentationActivityInvoker$EmptyActivity }, activity=androidx.test.core.app.InstrumentationActivityInvoker$EmptyActivity@f0dfb13
08-25 18:17:04.950  6779  6779 D LifecycleMonitor: Lifecycle status change: androidx.test.core.app.InstrumentationActivityInvoker$EmptyActivity@f0dfb13 in: CREATED
08-25 18:17:04.951  6779  6779 V ActivityScenario: Activity lifecycle changed event received but ignored because the intent does not match. startActivityIntent=Intent { act=android.intent.action.MAIN cat=[android.intent.category.LAUNCHER] cmp=com.example.dogglers/.VerticalListActivity }, activity.getIntent()=Intent { act=android.intent.action.MAIN cat=[android.intent.category.LAUNCHER] flg=0x10000000 cmp=com.example.dogglers/androidx.test.core.app.InstrumentationActivityInvoker$EmptyActivity }, activity=androidx.test.core.app.InstrumentationActivityInvoker$EmptyActivity@f0dfb13
08-25 18:17:04.952  6779  6779 D LifecycleMonitor: Lifecycle status change: androidx.test.core.app.InstrumentationActivityInvoker$EmptyActivity@f0dfb13 in: STARTED
08-25 18:17:04.952  6779  6779 V ActivityScenario: Activity lifecycle changed event received but ignored because the intent does not match. startActivityIntent=Intent { act=android.intent.action.MAIN cat=[android.intent.category.LAUNCHER] cmp=com.example.dogglers/.VerticalListActivity }, activity.getIntent()=Intent { act=android.intent.action.MAIN cat=[android.intent.category.LAUNCHER] flg=0x10000000 cmp=com.example.dogglers/androidx.test.core.app.InstrumentationActivityInvoker$EmptyActivity }, activity=androidx.test.core.app.InstrumentationActivityInvoker$EmptyActivity@f0dfb13
08-25 18:17:04.957  6779  6779 D LifecycleMonitor: Lifecycle status change: androidx.test.core.app.InstrumentationActivityInvoker$EmptyActivity@f0dfb13 in: RESUMED
08-25 18:17:04.957  6779  6779 V ActivityScenario: Activity lifecycle changed event received but ignored because the intent does not match. startActivityIntent=Intent { act=android.intent.action.MAIN cat=[android.intent.category.LAUNCHER] cmp=com.example.dogglers/.VerticalListActivity }, activity.getIntent()=Intent { act=android.intent.action.MAIN cat=[android.intent.category.LAUNCHER] flg=0x10000000 cmp=com.example.dogglers/androidx.test.core.app.InstrumentationActivityInvoker$EmptyActivity }, activity=androidx.test.core.app.InstrumentationActivityInvoker$EmptyActivity@f0dfb13
08-25 18:17:04.988  1428  1428 D gralloc_ranchu: gralloc_alloc: Creating ashmem region of size 7675904
08-25 18:17:04.993  1428  1428 I chatty  : uid=1000(system) allocator@2.0-s identical 1 line
08-25 18:17:04.995  1428  1428 D gralloc_ranchu: gralloc_alloc: Creating ashmem region of size 7675904
08-25 18:17:05.003 21622 21622 I GoogleInputMethodService: GoogleInputMethodService.onFinishInput():3228
08-25 18:17:05.005 21622 21622 I GoogleInputMethodService: GoogleInputMethodService.updateDeviceLockedStatus():2068 repeatCheckTimes = 0, locked = false
08-25 18:17:05.005 21622 21622 I GoogleInputMethodService: GoogleInputMethodService.onStartInput():1862 onStartInput(EditorInfo{EditorInfo{packageName=com.example.dogglers, inputType=0, inputTypeString=NULL, enableLearning=false, autoCorrection=false, autoComplete=false, imeOptions=0, privateImeOptions=null, actionName=UNSPECIFIED, actionLabel=null, initialSelStart=-1, initialSelEnd=-1, initialCapsMode=0, label=null, fieldId=-1, fieldName=null, extras=null, hintText=null, hintLocales=[]}}, false)
08-25 18:17:05.005 21622 21622 I GoogleInputMethodService: GoogleInputMethodService.updateDeviceLockedStatus():2068 repeatCheckTimes = 1, locked = false
08-25 18:17:05.011  6779  6797 D EGL_emulation: eglMakeCurrent: 0x9ba05240: ver 3 0 (tinfo 0x9ba032e0)
08-25 18:17:05.033  6779  6779 D LifecycleMonitor: Lifecycle status change: androidx.test.core.app.InstrumentationActivityInvoker$EmptyActivity@f0dfb13 in: PAUSED
08-25 18:17:05.033  6779  6779 V ActivityScenario: Activity lifecycle changed event received but ignored because the intent does not match. startActivityIntent=Intent { act=android.intent.action.MAIN cat=[android.intent.category.LAUNCHER] cmp=com.example.dogglers/.VerticalListActivity }, activity.getIntent()=Intent { act=android.intent.action.MAIN cat=[android.intent.category.LAUNCHER] flg=0x10000000 cmp=com.example.dogglers/androidx.test.core.app.InstrumentationActivityInvoker$EmptyActivity }, activity=androidx.test.core.app.InstrumentationActivityInvoker$EmptyActivity@f0dfb13
08-25 18:17:05.047  6779  6779 D LifecycleMonitor: Lifecycle status change: androidx.test.core.app.InstrumentationActivityInvoker$BootstrapActivity@aec04d5 in: DESTROYED
08-25 18:17:05.047  6779  6779 V ActivityScenario: Activity lifecycle changed event received but ignored because the intent does not match. startActivityIntent=Intent { act=android.intent.action.MAIN cat=[android.intent.category.LAUNCHER] cmp=com.example.dogglers/.VerticalListActivity }, activity.getIntent()=Intent { act=android.intent.action.MAIN cat=[android.intent.category.LAUNCHER] flg=0x10008000 cmp=com.example.dogglers/androidx.test.core.app.InstrumentationActivityInvoker$BootstrapActivity (has extras) }, activity=androidx.test.core.app.InstrumentationActivityInvoker$BootstrapActivity@aec04d5
08-25 18:17:05.057  6779  6779 D LifecycleMonitor: Lifecycle status change: androidx.test.core.app.InstrumentationActivityInvoker$EmptyActivity@45fc705 in: PRE_ON_CREATE
08-25 18:17:05.058  6779  6779 V ActivityScenario: Activity lifecycle changed event received but ignored because the intent does not match. startActivityIntent=Intent { act=android.intent.action.MAIN cat=[android.intent.category.LAUNCHER] cmp=com.example.dogglers/.VerticalListActivity }, activity.getIntent()=Intent { act=android.intent.action.MAIN cat=[android.intent.category.LAUNCHER] flg=0x10000000 cmp=com.example.dogglers/androidx.test.core.app.InstrumentationActivityInvoker$EmptyActivity }, activity=androidx.test.core.app.InstrumentationActivityInvoker$EmptyActivity@45fc705
08-25 18:17:05.069  6779  6779 D LifecycleMonitor: Lifecycle status change: androidx.test.core.app.InstrumentationActivityInvoker$EmptyActivity@45fc705 in: CREATED
08-25 18:17:05.070  6779  6779 V ActivityScenario: Activity lifecycle changed event received but ignored because the intent does not match. startActivityIntent=Intent { act=android.intent.action.MAIN cat=[android.intent.category.LAUNCHER] cmp=com.example.dogglers/.VerticalListActivity }, activity.getIntent()=Intent { act=android.intent.action.MAIN cat=[android.intent.category.LAUNCHER] flg=0x10000000 cmp=com.example.dogglers/androidx.test.core.app.InstrumentationActivityInvoker$EmptyActivity }, activity=androidx.test.core.app.InstrumentationActivityInvoker$EmptyActivity@45fc705
08-25 18:17:05.071  6779  6779 D LifecycleMonitor: Lifecycle status change: androidx.test.core.app.InstrumentationActivityInvoker$EmptyActivity@45fc705 in: STARTED
08-25 18:17:05.072  6779  6779 V ActivityScenario: Activity lifecycle changed event received but ignored because the intent does not match. startActivityIntent=Intent { act=android.intent.action.MAIN cat=[android.intent.category.LAUNCHER] cmp=com.example.dogglers/.VerticalListActivity }, activity.getIntent()=Intent { act=android.intent.action.MAIN cat=[android.intent.category.LAUNCHER] flg=0x10000000 cmp=com.example.dogglers/androidx.test.core.app.InstrumentationActivityInvoker$EmptyActivity }, activity=androidx.test.core.app.InstrumentationActivityInvoker$EmptyActivity@45fc705
08-25 18:17:05.077  6779  6779 D LifecycleMonitor: Lifecycle status change: androidx.test.core.app.InstrumentationActivityInvoker$EmptyActivity@45fc705 in: RESUMED
08-25 18:17:05.077  6779  6779 V ActivityScenario: Activity lifecycle changed event received but ignored because the intent does not match. startActivityIntent=Intent { act=android.intent.action.MAIN cat=[android.intent.category.LAUNCHER] cmp=com.example.dogglers/.VerticalListActivity }, activity.getIntent()=Intent { act=android.intent.action.MAIN cat=[android.intent.category.LAUNCHER] flg=0x10000000 cmp=com.example.dogglers/androidx.test.core.app.InstrumentationActivityInvoker$EmptyActivity }, activity=androidx.test.core.app.InstrumentationActivityInvoker$EmptyActivity@45fc705
08-25 18:17:05.095  1438  1438 D SurfaceFlinger: duplicate layer name: changing com.example.dogglers/androidx.test.core.app.InstrumentationActivityInvoker$EmptyActivity to com.example.dogglers/androidx.test.core.app.InstrumentationActivityInvoker$EmptyActivity#1
08-25 18:17:05.100  1428  1428 D gralloc_ranchu: gralloc_alloc: Creating ashmem region of size 7675904
08-25 18:17:05.101  1428  1428 I chatty  : uid=1000(system) allocator@2.0-s identical 1 line
08-25 18:17:05.102  1428  1428 D gralloc_ranchu: gralloc_alloc: Creating ashmem region of size 7675904
08-25 18:17:05.106 21622 21622 I GoogleInputMethodService: GoogleInputMethodService.onFinishInput():3228
08-25 18:17:05.108 21622 21622 I GoogleInputMethodService: GoogleInputMethodService.updateDeviceLockedStatus():2068 repeatCheckTimes = 0, locked = false
08-25 18:17:05.108 21622 21622 I GoogleInputMethodService: GoogleInputMethodService.onStartInput():1862 onStartInput(EditorInfo{EditorInfo{packageName=com.example.dogglers, inputType=0, inputTypeString=NULL, enableLearning=false, autoCorrection=false, autoComplete=false, imeOptions=0, privateImeOptions=null, actionName=UNSPECIFIED, actionLabel=null, initialSelStart=-1, initialSelEnd=-1, initialCapsMode=0, label=null, fieldId=-1, fieldName=null, extras=null, hintText=null, hintLocales=[]}}, false)
08-25 18:17:05.108 21622 21622 I GoogleInputMethodService: GoogleInputMethodService.updateDeviceLockedStatus():2068 repeatCheckTimes = 1, locked = false
08-25 18:17:05.109  6779  6797 D EGL_emulation: eglMakeCurrent: 0x9ba05240: ver 3 0 (tinfo 0x9ba032e0)
08-25 18:17:05.125  1676  1697 I ActivityManager: Displayed com.example.dogglers/androidx.test.core.app.InstrumentationActivityInvoker$EmptyActivity: +85ms (total +192ms)
08-25 18:17:05.134  6779  6779 D LifecycleMonitor: Lifecycle status change: androidx.test.core.app.InstrumentationActivityInvoker$EmptyActivity@f0dfb13 in: STOPPED
08-25 18:17:05.135  6779  6779 V ActivityScenario: Activity lifecycle changed event received but ignored because the intent does not match. startActivityIntent=Intent { act=android.intent.action.MAIN cat=[android.intent.category.LAUNCHER] cmp=com.example.dogglers/.VerticalListActivity }, activity.getIntent()=Intent { act=android.intent.action.MAIN cat=[android.intent.category.LAUNCHER] flg=0x10000000 cmp=com.example.dogglers/androidx.test.core.app.InstrumentationActivityInvoker$EmptyActivity }, activity=androidx.test.core.app.InstrumentationActivityInvoker$EmptyActivity@f0dfb13
08-25 18:17:05.137  6779  6779 D LifecycleMonitor: Lifecycle status change: androidx.test.core.app.InstrumentationActivityInvoker$EmptyActivity@f0dfb13 in: DESTROYED
08-25 18:17:05.137  6779  6779 V ActivityScenario: Activity lifecycle changed event received but ignored because the intent does not match. startActivityIntent=Intent { act=android.intent.action.MAIN cat=[android.intent.category.LAUNCHER] cmp=com.example.dogglers/.VerticalListActivity }, activity.getIntent()=Intent { act=android.intent.action.MAIN cat=[android.intent.category.LAUNCHER] flg=0x10000000 cmp=com.example.dogglers/androidx.test.core.app.InstrumentationActivityInvoker$EmptyActivity }, activity=androidx.test.core.app.InstrumentationActivityInvoker$EmptyActivity@f0dfb13
08-25 18:17:05.143  1438  1462 E SurfaceFlinger: Failed to find layer (com.example.dogglers/androidx.test.core.app.InstrumentationActivityInvoker$EmptyActivity#0) in layer parent (no-parent).
08-25 18:17:05.147  6779  6779 D LifecycleMonitor: Lifecycle status change: androidx.test.core.app.InstrumentationActivityInvoker$EmptyActivity@45fc705 in: PAUSED
08-25 18:17:05.148  6779  6779 V ActivityScenario: Activity lifecycle changed event received but ignored because the intent does not match. startActivityIntent=Intent { act=android.intent.action.MAIN cat=[android.intent.category.LAUNCHER] cmp=com.example.dogglers/.VerticalListActivity }, activity.getIntent()=Intent { act=android.intent.action.MAIN cat=[android.intent.category.LAUNCHER] flg=0x10000000 cmp=com.example.dogglers/androidx.test.core.app.InstrumentationActivityInvoker$EmptyActivity }, activity=androidx.test.core.app.InstrumentationActivityInvoker$EmptyActivity@45fc705
08-25 18:17:05.158  2351  2431 W OpenGLRenderer: Incorrectly called buildLayer on View: ShortcutAndWidgetContainer, destroying layer...
08-25 18:17:05.168  1428  1428 D gralloc_ranchu: gralloc_alloc: Creating ashmem region of size 8298496
08-25 18:17:05.174  1428  1428 D gralloc_ranchu: gralloc_alloc: Creating ashmem region of size 8298496
08-25 18:17:05.176  6779  6779 D LifecycleMonitor: Lifecycle status change: com.example.dogglers.VerticalListActivity@d6032b7 in: STOPPED
08-25 18:17:05.176  6779  6779 V ActivityScenario: Update currentActivityStage to STOPPED, currentActivity=com.example.dogglers.VerticalListActivity@d6032b7
08-25 18:17:05.177  6779  6779 D LifecycleMonitor: Lifecycle status change: com.example.dogglers.VerticalListActivity@d6032b7 in: DESTROYED
08-25 18:17:05.177  6779  6779 V ActivityScenario: Update currentActivityStage to DESTROYED, currentActivity=null
08-25 18:17:05.185  1428  1428 D gralloc_ranchu: gralloc_alloc: Creating ashmem region of size 8298496
08-25 18:17:05.186  2351  2357 I zygote  : Do full code cache collection, code=251KB, data=166KB
08-25 18:17:05.190  6779  6795 I TestRunner: finished: vertical_scroll_content_at_first_position(com.example.dogglers.VerticalListTests)
