08-25 18:16:54.985  6779  6795 I TestRunner: started: vertical_list_button_is_displayed(com.example.dogglers.ButtonTests)
08-25 18:16:54.999  6779  6795 W Settings: Setting always_finish_activities has moved from android.provider.Settings.System to android.provider.Settings.Global, returning read-only value.
08-25 18:16:55.037  6779  6779 D LifecycleMonitor: Lifecycle status change: androidx.test.core.app.InstrumentationActivityInvoker$BootstrapActivity@c2da07d in: PRE_ON_CREATE
08-25 18:16:55.037  6779  6779 V ActivityScenario: Activity lifecycle changed event received but ignored because the intent does not match. startActivityIntent=Intent { act=android.intent.action.MAIN cat=[android.intent.category.LAUNCHER] cmp=com.example.dogglers/.MainActivity }, activity.getIntent()=Intent { act=android.intent.action.MAIN cat=[android.intent.category.LAUNCHER] flg=0x10008000 cmp=com.example.dogglers/androidx.test.core.app.InstrumentationActivityInvoker$BootstrapActivity (has extras) }, activity=androidx.test.core.app.InstrumentationActivityInvoker$BootstrapActivity@c2da07d
08-25 18:16:55.048  6779  6779 D LifecycleMonitor: Lifecycle status change: androidx.test.core.app.InstrumentationActivityInvoker$BootstrapActivity@c2da07d in: CREATED
08-25 18:16:55.048  6779  6779 V ActivityScenario: Activity lifecycle changed event received but ignored because the intent does not match. startActivityIntent=Intent { act=android.intent.action.MAIN cat=[android.intent.category.LAUNCHER] cmp=com.example.dogglers/.MainActivity }, activity.getIntent()=Intent { act=android.intent.action.MAIN cat=[android.intent.category.LAUNCHER] flg=0x10008000 cmp=com.example.dogglers/androidx.test.core.app.InstrumentationActivityInvoker$BootstrapActivity (has extras) }, activity=androidx.test.core.app.InstrumentationActivityInvoker$BootstrapActivity@c2da07d
08-25 18:16:55.050  6779  6779 D LifecycleMonitor: Lifecycle status change: androidx.test.core.app.InstrumentationActivityInvoker$BootstrapActivity@c2da07d in: STARTED
08-25 18:16:55.050  6779  6779 V ActivityScenario: Activity lifecycle changed event received but ignored because the intent does not match. startActivityIntent=Intent { act=android.intent.action.MAIN cat=[android.intent.category.LAUNCHER] cmp=com.example.dogglers/.MainActivity }, activity.getIntent()=Intent { act=android.intent.action.MAIN cat=[android.intent.category.LAUNCHER] flg=0x10008000 cmp=com.example.dogglers/androidx.test.core.app.InstrumentationActivityInvoker$BootstrapActivity (has extras) }, activity=androidx.test.core.app.InstrumentationActivityInvoker$BootstrapActivity@c2da07d
08-25 18:16:55.058  6779  6779 D LifecycleMonitor: Lifecycle status change: androidx.test.core.app.InstrumentationActivityInvoker$BootstrapActivity@c2da07d in: RESUMED
08-25 18:16:55.058  6779  6779 V ActivityScenario: Activity lifecycle changed event received but ignored because the intent does not match. startActivityIntent=Intent { act=android.intent.action.MAIN cat=[android.intent.category.LAUNCHER] cmp=com.example.dogglers/.MainActivity }, activity.getIntent()=Intent { act=android.intent.action.MAIN cat=[android.intent.category.LAUNCHER] flg=0x10008000 cmp=com.example.dogglers/androidx.test.core.app.InstrumentationActivityInvoker$BootstrapActivity (has extras) }, activity=androidx.test.core.app.InstrumentationActivityInvoker$BootstrapActivity@c2da07d
08-25 18:16:55.059  1428  1428 D gralloc_ranchu: gralloc_alloc: Creating ashmem region of size 7675904
08-25 18:16:55.065  6779  6779 D LifecycleMonitor: Lifecycle status change: androidx.test.core.app.InstrumentationActivityInvoker$BootstrapActivity@c2da07d in: PAUSED
08-25 18:16:55.067  6779  6779 V ActivityScenario: Activity lifecycle changed event received but ignored because the intent does not match. startActivityIntent=Intent { act=android.intent.action.MAIN cat=[android.intent.category.LAUNCHER] cmp=com.example.dogglers/.MainActivity }, activity.getIntent()=Intent { act=android.intent.action.MAIN cat=[android.intent.category.LAUNCHER] flg=0x10008000 cmp=com.example.dogglers/androidx.test.core.app.InstrumentationActivityInvoker$BootstrapActivity (has extras) }, activity=androidx.test.core.app.InstrumentationActivityInvoker$BootstrapActivity@c2da07d
08-25 18:16:55.083  6779  6779 D LifecycleMonitor: Lifecycle status change: com.example.dogglers.MainActivity@e76b11f in: PRE_ON_CREATE
08-25 18:16:55.083  6779  6779 V ActivityScenario: Activity lifecycle changed event received but ignored because the reported transition was not ON_CREATE while the last known transition was PRE_ON_CREATE
08-25 18:16:55.111  2351  2431 D EGL_emulation: eglMakeCurrent: 0x98dfc180: ver 3 0 (tinfo 0x98f74980)
08-25 18:16:55.114  2728 13915 D EGL_emulation: eglMakeCurrent: 0x98ffd840: ver 3 0 (tinfo 0x79a71660)
08-25 18:16:55.129 30865 30865 I GsaVoiceInteractionSrv: Handling ACTION_STOP_HOTWORD
08-25 18:16:55.130 30865 30898 I HwDetectorWithState: (REDACTED) a: %d
08-25 18:16:55.137  6779  6784 I zygote  : Do full code cache collection, code=494KB, data=346KB
08-25 18:16:55.138  6779  6784 I zygote  : After code cache collection, code=494KB, data=263KB
08-25 18:16:55.149  6779  6779 D LifecycleMonitor: Lifecycle status change: com.example.dogglers.MainActivity@e76b11f in: CREATED
08-25 18:16:55.149  6779  6779 V ActivityScenario: Update currentActivityStage to CREATED, currentActivity=com.example.dogglers.MainActivity@e76b11f
08-25 18:16:55.151  6779  6779 D LifecycleMonitor: Lifecycle status change: com.example.dogglers.MainActivity@e76b11f in: STARTED
08-25 18:16:55.152  6779  6779 V ActivityScenario: Update currentActivityStage to STARTED, currentActivity=com.example.dogglers.MainActivity@e76b11f
08-25 18:16:55.154  6779  6779 D LifecycleMonitor: Lifecycle status change: com.example.dogglers.MainActivity@e76b11f in: RESUMED
08-25 18:16:55.154  6779  6779 V ActivityScenario: Update currentActivityStage to RESUMED, currentActivity=com.example.dogglers.MainActivity@e76b11f
08-25 18:16:55.181  1428  1428 D gralloc_ranchu: gralloc_alloc: Creating ashmem region of size 8298496
08-25 18:16:55.187  1428  1428 I chatty  : uid=1000(system) allocator@2.0-s identical 1 line
08-25 18:16:55.189  1428  1428 D gralloc_ranchu: gralloc_alloc: Creating ashmem region of size 8298496
08-25 18:16:55.210  6779  6797 D EGL_emulation: eglMakeCurrent: 0x9ba05240: ver 3 0 (tinfo 0x9ba032e0)
08-25 18:16:55.223 21622 21622 I GoogleInputMethodService: GoogleInputMethodService.onFinishInput():3228
08-25 18:16:55.224  1676  1697 I ActivityManager: Displayed com.example.dogglers/.MainActivity: +153ms (total +199ms)
08-25 18:16:55.229 21622 21622 I GoogleInputMethodService: GoogleInputMethodService.updateDeviceLockedStatus():2068 repeatCheckTimes = 0, locked = false
08-25 18:16:55.233 21622 21622 I GoogleInputMethodService: GoogleInputMethodService.onStartInput():1862 onStartInput(EditorInfo{EditorInfo{packageName=com.example.dogglers, inputType=0, inputTypeString=NULL, enableLearning=false, autoCorrection=false, autoComplete=false, imeOptions=0, privateImeOptions=null, actionName=UNSPECIFIED, actionLabel=null, initialSelStart=-1, initialSelEnd=-1, initialCapsMode=0, label=null, fieldId=-1, fieldName=null, extras=null, hintText=null, hintLocales=[]}}, false)
08-25 18:16:55.235 21622 21622 I GoogleInputMethodService: GoogleInputMethodService.updateDeviceLockedStatus():2068 repeatCheckTimes = 1, locked = false
08-25 18:16:55.246  6779  6779 I ViewInteraction: Checking 'MatchesViewAssertion{viewMatcher=(view has effective visibility <VISIBLE> and view.getGlobalVisibleRect() to return non-empty rectangle)}' assertion on view view.getId() is <2131231204/com.example.dogglers:id/vertical_btn>
08-25 18:16:55.251  6779  6779 D LifecycleMonitor: Lifecycle status change: androidx.test.core.app.InstrumentationActivityInvoker$BootstrapActivity@c2da07d in: STOPPED
08-25 18:16:55.251  6779  6779 V ActivityScenario: Activity lifecycle changed event received but ignored because the intent does not match. startActivityIntent=Intent { act=android.intent.action.MAIN cat=[android.intent.category.LAUNCHER] cmp=com.example.dogglers/.MainActivity }, activity.getIntent()=Intent { act=android.intent.action.MAIN cat=[android.intent.category.LAUNCHER] flg=0x10008000 cmp=com.example.dogglers/androidx.test.core.app.InstrumentationActivityInvoker$BootstrapActivity (has extras) }, activity=androidx.test.core.app.InstrumentationActivityInvoker$BootstrapActivity@c2da07d
08-25 18:16:55.257  6779  6779 D LifecycleMonitor: Lifecycle status change: com.example.dogglers.MainActivity@e76b11f in: PAUSED
08-25 18:16:55.257  6779  6779 V ActivityScenario: Update currentActivityStage to PAUSED, currentActivity=com.example.dogglers.MainActivity@e76b11f
08-25 18:16:55.272  6779  6779 D LifecycleMonitor: Lifecycle status change: androidx.test.core.app.InstrumentationActivityInvoker$EmptyActivity@b2e3f63 in: PRE_ON_CREATE
08-25 18:16:55.272  6779  6779 V ActivityScenario: Activity lifecycle changed event received but ignored because the intent does not match. startActivityIntent=Intent { act=android.intent.action.MAIN cat=[android.intent.category.LAUNCHER] cmp=com.example.dogglers/.MainActivity }, activity.getIntent()=Intent { act=android.intent.action.MAIN cat=[android.intent.category.LAUNCHER] flg=0x10000000 cmp=com.example.dogglers/androidx.test.core.app.InstrumentationActivityInvoker$EmptyActivity }, activity=androidx.test.core.app.InstrumentationActivityInvoker$EmptyActivity@b2e3f63
08-25 18:16:55.277  6779  6779 D LifecycleMonitor: Lifecycle status change: androidx.test.core.app.InstrumentationActivityInvoker$EmptyActivity@b2e3f63 in: CREATED
08-25 18:16:55.277  6779  6779 V ActivityScenario: Activity lifecycle changed event received but ignored because the intent does not match. startActivityIntent=Intent { act=android.intent.action.MAIN cat=[android.intent.category.LAUNCHER] cmp=com.example.dogglers/.MainActivity }, activity.getIntent()=Intent { act=android.intent.action.MAIN cat=[android.intent.category.LAUNCHER] flg=0x10000000 cmp=com.example.dogglers/androidx.test.core.app.InstrumentationActivityInvoker$EmptyActivity }, activity=androidx.test.core.app.InstrumentationActivityInvoker$EmptyActivity@b2e3f63
08-25 18:16:55.278  6779  6779 D LifecycleMonitor: Lifecycle status change: androidx.test.core.app.InstrumentationActivityInvoker$EmptyActivity@b2e3f63 in: STARTED
08-25 18:16:55.278  6779  6779 V ActivityScenario: Activity lifecycle changed event received but ignored because the intent does not match. startActivityIntent=Intent { act=android.intent.action.MAIN cat=[android.intent.category.LAUNCHER] cmp=com.example.dogglers/.MainActivity }, activity.getIntent()=Intent { act=android.intent.action.MAIN cat=[android.intent.category.LAUNCHER] flg=0x10000000 cmp=com.example.dogglers/androidx.test.core.app.InstrumentationActivityInvoker$EmptyActivity }, activity=androidx.test.core.app.InstrumentationActivityInvoker$EmptyActivity@b2e3f63
08-25 18:16:55.281  6779  6779 D LifecycleMonitor: Lifecycle status change: androidx.test.core.app.InstrumentationActivityInvoker$EmptyActivity@b2e3f63 in: RESUMED
08-25 18:16:55.281  6779  6779 V ActivityScenario: Activity lifecycle changed event received but ignored because the intent does not match. startActivityIntent=Intent { act=android.intent.action.MAIN cat=[android.intent.category.LAUNCHER] cmp=com.example.dogglers/.MainActivity }, activity.getIntent()=Intent { act=android.intent.action.MAIN cat=[android.intent.category.LAUNCHER] flg=0x10000000 cmp=com.example.dogglers/androidx.test.core.app.InstrumentationActivityInvoker$EmptyActivity }, activity=androidx.test.core.app.InstrumentationActivityInvoker$EmptyActivity@b2e3f63
08-25 18:16:55.307  1428  1428 D gralloc_ranchu: gralloc_alloc: Creating ashmem region of size 7675904
08-25 18:16:55.309  1428  1428 I chatty  : uid=1000(system) allocator@2.0-s identical 1 line
08-25 18:16:55.311  1428  1428 D gralloc_ranchu: gralloc_alloc: Creating ashmem region of size 7675904
08-25 18:16:55.329 21622 21622 I GoogleInputMethodService: GoogleInputMethodService.onFinishInput():3228
08-25 18:16:55.330 21622 21622 I GoogleInputMethodService: GoogleInputMethodService.updateDeviceLockedStatus():2068 repeatCheckTimes = 0, locked = false
08-25 18:16:55.330 21622 21622 I GoogleInputMethodService: GoogleInputMethodService.onStartInput():1862 onStartInput(EditorInfo{EditorInfo{packageName=com.example.dogglers, inputType=0, inputTypeString=NULL, enableLearning=false, autoCorrection=false, autoComplete=false, imeOptions=0, privateImeOptions=null, actionName=UNSPECIFIED, actionLabel=null, initialSelStart=-1, initialSelEnd=-1, initialCapsMode=0, label=null, fieldId=-1, fieldName=null, extras=null, hintText=null, hintLocales=[]}}, false)
08-25 18:16:55.331 21622 21622 I GoogleInputMethodService: GoogleInputMethodService.updateDeviceLockedStatus():2068 repeatCheckTimes = 1, locked = false
08-25 18:16:55.332  6779  6797 D EGL_emulation: eglMakeCurrent: 0x9ba05240: ver 3 0 (tinfo 0x9ba032e0)
08-25 18:16:55.350  1676  1697 I ActivityManager: Displayed com.example.dogglers/androidx.test.core.app.InstrumentationActivityInvoker$EmptyActivity: +86ms
08-25 18:16:55.371  6779  6779 D LifecycleMonitor: Lifecycle status change: androidx.test.core.app.InstrumentationActivityInvoker$EmptyActivity@b2e3f63 in: PAUSED
08-25 18:16:55.371  6779  6779 V ActivityScenario: Activity lifecycle changed event received but ignored because the intent does not match. startActivityIntent=Intent { act=android.intent.action.MAIN cat=[android.intent.category.LAUNCHER] cmp=com.example.dogglers/.MainActivity }, activity.getIntent()=Intent { act=android.intent.action.MAIN cat=[android.intent.category.LAUNCHER] flg=0x10000000 cmp=com.example.dogglers/androidx.test.core.app.InstrumentationActivityInvoker$EmptyActivity }, activity=androidx.test.core.app.InstrumentationActivityInvoker$EmptyActivity@b2e3f63
08-25 18:16:55.385  6779  6779 D LifecycleMonitor: Lifecycle status change: androidx.test.core.app.InstrumentationActivityInvoker$BootstrapActivity@c2da07d in: DESTROYED
08-25 18:16:55.385  6779  6779 V ActivityScenario: Activity lifecycle changed event received but ignored because the intent does not match. startActivityIntent=Intent { act=android.intent.action.MAIN cat=[android.intent.category.LAUNCHER] cmp=com.example.dogglers/.MainActivity }, activity.getIntent()=Intent { act=android.intent.action.MAIN cat=[android.intent.category.LAUNCHER] flg=0x10008000 cmp=com.example.dogglers/androidx.test.core.app.InstrumentationActivityInvoker$BootstrapActivity (has extras) }, activity=androidx.test.core.app.InstrumentationActivityInvoker$BootstrapActivity@c2da07d
08-25 18:16:55.393  6779  6779 D LifecycleMonitor: Lifecycle status change: androidx.test.core.app.InstrumentationActivityInvoker$EmptyActivity@bb968d5 in: PRE_ON_CREATE
08-25 18:16:55.394  6779  6779 V ActivityScenario: Activity lifecycle changed event received but ignored because the intent does not match. startActivityIntent=Intent { act=android.intent.action.MAIN cat=[android.intent.category.LAUNCHER] cmp=com.example.dogglers/.MainActivity }, activity.getIntent()=Intent { act=android.intent.action.MAIN cat=[android.intent.category.LAUNCHER] flg=0x10000000 cmp=com.example.dogglers/androidx.test.core.app.InstrumentationActivityInvoker$EmptyActivity }, activity=androidx.test.core.app.InstrumentationActivityInvoker$EmptyActivity@bb968d5
08-25 18:16:55.403  6779  6779 D LifecycleMonitor: Lifecycle status change: androidx.test.core.app.InstrumentationActivityInvoker$EmptyActivity@bb968d5 in: CREATED
08-25 18:16:55.403  6779  6779 V ActivityScenario: Activity lifecycle changed event received but ignored because the intent does not match. startActivityIntent=Intent { act=android.intent.action.MAIN cat=[android.intent.category.LAUNCHER] cmp=com.example.dogglers/.MainActivity }, activity.getIntent()=Intent { act=android.intent.action.MAIN cat=[android.intent.category.LAUNCHER] flg=0x10000000 cmp=com.example.dogglers/androidx.test.core.app.InstrumentationActivityInvoker$EmptyActivity }, activity=androidx.test.core.app.InstrumentationActivityInvoker$EmptyActivity@bb968d5
08-25 18:16:55.404  6779  6779 D LifecycleMonitor: Lifecycle status change: androidx.test.core.app.InstrumentationActivityInvoker$EmptyActivity@bb968d5 in: STARTED
08-25 18:16:55.404  6779  6779 V ActivityScenario: Activity lifecycle changed event received but ignored because the intent does not match. startActivityIntent=Intent { act=android.intent.action.MAIN cat=[android.intent.category.LAUNCHER] cmp=com.example.dogglers/.MainActivity }, activity.getIntent()=Intent { act=android.intent.action.MAIN cat=[android.intent.category.LAUNCHER] flg=0x10000000 cmp=com.example.dogglers/androidx.test.core.app.InstrumentationActivityInvoker$EmptyActivity }, activity=androidx.test.core.app.InstrumentationActivityInvoker$EmptyActivity@bb968d5
08-25 18:16:55.406  6779  6779 D LifecycleMonitor: Lifecycle status change: androidx.test.core.app.InstrumentationActivityInvoker$EmptyActivity@bb968d5 in: RESUMED
08-25 18:16:55.407  6779  6779 V ActivityScenario: Activity lifecycle changed event received but ignored because the intent does not match. startActivityIntent=Intent { act=android.intent.action.MAIN cat=[android.intent.category.LAUNCHER] cmp=com.example.dogglers/.MainActivity }, activity.getIntent()=Intent { act=android.intent.action.MAIN cat=[android.intent.category.LAUNCHER] flg=0x10000000 cmp=com.example.dogglers/androidx.test.core.app.InstrumentationActivityInvoker$EmptyActivity }, activity=androidx.test.core.app.InstrumentationActivityInvoker$EmptyActivity@bb968d5
08-25 18:16:55.420  6779  6779 D LifecycleMonitor: Lifecycle status change: com.example.dogglers.MainActivity@e76b11f in: STOPPED
08-25 18:16:55.420  6779  6779 V ActivityScenario: Update currentActivityStage to STOPPED, currentActivity=com.example.dogglers.MainActivity@e76b11f
08-25 18:16:55.421  6779  6779 D LifecycleMonitor: Lifecycle status change: com.example.dogglers.MainActivity@e76b11f in: DESTROYED
08-25 18:16:55.422  6779  6779 V ActivityScenario: Update currentActivityStage to DESTROYED, currentActivity=null
08-25 18:16:55.436  1438  1438 D SurfaceFlinger: duplicate layer name: changing com.example.dogglers/androidx.test.core.app.InstrumentationActivityInvoker$EmptyActivity to com.example.dogglers/androidx.test.core.app.InstrumentationActivityInvoker$EmptyActivity#1
08-25 18:16:55.440  1428  1428 D gralloc_ranchu: gralloc_alloc: Creating ashmem region of size 7675904
08-25 18:16:55.442  1428  1428 I chatty  : uid=1000(system) allocator@2.0-s identical 1 line
08-25 18:16:55.443  1428  1428 D gralloc_ranchu: gralloc_alloc: Creating ashmem region of size 7675904
08-25 18:16:55.451 21622 21622 I GoogleInputMethodService: GoogleInputMethodService.onFinishInput():3228
08-25 18:16:55.452 21622 21622 I GoogleInputMethodService: GoogleInputMethodService.updateDeviceLockedStatus():2068 repeatCheckTimes = 0, locked = false
08-25 18:16:55.453 21622 21622 I GoogleInputMethodService: GoogleInputMethodService.onStartInput():1862 onStartInput(EditorInfo{EditorInfo{packageName=com.example.dogglers, inputType=0, inputTypeString=NULL, enableLearning=false, autoCorrection=false, autoComplete=false, imeOptions=0, privateImeOptions=null, actionName=UNSPECIFIED, actionLabel=null, initialSelStart=-1, initialSelEnd=-1, initialCapsMode=0, label=null, fieldId=-1, fieldName=null, extras=null, hintText=null, hintLocales=[]}}, false)
08-25 18:16:55.454 21622 21622 I GoogleInputMethodService: GoogleInputMethodService.updateDeviceLockedStatus():2068 repeatCheckTimes = 1, locked = false
08-25 18:16:55.459  6779  6797 D EGL_emulation: eglMakeCurrent: 0x9ba05240: ver 3 0 (tinfo 0x9ba032e0)
08-25 18:16:55.473  1676  1697 I ActivityManager: Displayed com.example.dogglers/androidx.test.core.app.InstrumentationActivityInvoker$EmptyActivity: +97ms
08-25 18:16:55.482  6779  6779 D LifecycleMonitor: Lifecycle status change: androidx.test.core.app.InstrumentationActivityInvoker$EmptyActivity@bb968d5 in: PAUSED
08-25 18:16:55.483  6779  6779 V ActivityScenario: Activity lifecycle changed event received but ignored because the intent does not match. startActivityIntent=Intent { act=android.intent.action.MAIN cat=[android.intent.category.LAUNCHER] cmp=com.example.dogglers/.MainActivity }, activity.getIntent()=Intent { act=android.intent.action.MAIN cat=[android.intent.category.LAUNCHER] flg=0x10000000 cmp=com.example.dogglers/androidx.test.core.app.InstrumentationActivityInvoker$EmptyActivity }, activity=androidx.test.core.app.InstrumentationActivityInvoker$EmptyActivity@bb968d5
08-25 18:16:55.491  2351  2431 W OpenGLRenderer: Incorrectly called buildLayer on View: ShortcutAndWidgetContainer, destroying layer...
08-25 18:16:55.496  1428  1428 D gralloc_ranchu: gralloc_alloc: Creating ashmem region of size 8298496
08-25 18:16:55.497  1428  1428 I chatty  : uid=1000(system) allocator@2.0-s identical 1 line
08-25 18:16:55.499  1428  1428 D gralloc_ranchu: gralloc_alloc: Creating ashmem region of size 8298496
08-25 18:16:55.507  6779  6779 D LifecycleMonitor: Lifecycle status change: androidx.test.core.app.InstrumentationActivityInvoker$EmptyActivity@b2e3f63 in: STOPPED
08-25 18:16:55.507  6779  6779 V ActivityScenario: Activity lifecycle changed event received but ignored because the intent does not match. startActivityIntent=Intent { act=android.intent.action.MAIN cat=[android.intent.category.LAUNCHER] cmp=com.example.dogglers/.MainActivity }, activity.getIntent()=Intent { act=android.intent.action.MAIN cat=[android.intent.category.LAUNCHER] flg=0x10000000 cmp=com.example.dogglers/androidx.test.core.app.InstrumentationActivityInvoker$EmptyActivity }, activity=androidx.test.core.app.InstrumentationActivityInvoker$EmptyActivity@b2e3f63
08-25 18:16:55.509  6779  6779 D LifecycleMonitor: Lifecycle status change: androidx.test.core.app.InstrumentationActivityInvoker$EmptyActivity@b2e3f63 in: DESTROYED
08-25 18:16:55.509  6779  6779 V ActivityScenario: Activity lifecycle changed event received but ignored because the intent does not match. startActivityIntent=Intent { act=android.intent.action.MAIN cat=[android.intent.category.LAUNCHER] cmp=com.example.dogglers/.MainActivity }, activity.getIntent()=Intent { act=android.intent.action.MAIN cat=[android.intent.category.LAUNCHER] flg=0x10000000 cmp=com.example.dogglers/androidx.test.core.app.InstrumentationActivityInvoker$EmptyActivity }, activity=androidx.test.core.app.InstrumentationActivityInvoker$EmptyActivity@b2e3f63
08-25 18:16:55.515  2728 13915 D EGL_emulation: eglMakeCurrent: 0x98ffd840: ver 3 0 (tinfo 0x79a71660)
08-25 18:16:55.520  1438  1438 D SurfaceFlinger: duplicate layer name: changing com.google.android.apps.nexuslauncher/com.google.android.apps.nexuslauncher.NexusLauncherActivity to com.google.android.apps.nexuslauncher/com.google.android.apps.nexuslauncher.NexusLauncherActivity#1
08-25 18:16:55.529  1428  1428 D gralloc_ranchu: gralloc_alloc: Creating ashmem region of size 8298496
08-25 18:16:55.535  1428  1428 D gralloc_ranchu: gralloc_alloc: Creating ashmem region of size 8298496
08-25 18:16:55.535  6779  6795 I TestRunner: finished: vertical_list_button_is_displayed(com.example.dogglers.ButtonTests)
